#! /usr/bin/vvp
:ivl_version "12.0 (stable)";
:ivl_delay_selection "TYPICAL";
:vpi_time_precision + 0;
:vpi_module "/usr/lib/x86_64-linux-gnu/ivl/system.vpi";
:vpi_module "/usr/lib/x86_64-linux-gnu/ivl/vhdl_sys.vpi";
:vpi_module "/usr/lib/x86_64-linux-gnu/ivl/vhdl_textio.vpi";
:vpi_module "/usr/lib/x86_64-linux-gnu/ivl/v2005_math.vpi";
:vpi_module "/usr/lib/x86_64-linux-gnu/ivl/va_math.vpi";
S_0x63fc492818f0 .scope module, "CACHE" "CACHE" 2 1;
 .timescale 0 0;
    .port_info 0 /INPUT 1 "clk";
    .port_info 1 /INPUT 1 "spc";
    .port_info 2 /INPUT 1 "ddc";
    .port_info 3 /INPUT 1 "sci";
    .port_info 4 /INPUT 1 "busy_w";
    .port_info 5 /INPUT 1 "srr8";
    .port_info 6 /INPUT 1 "srr16";
    .port_info 7 /INPUT 1 "srr32";
    .port_info 8 /OUTPUT 1 "ram_write_start";
    .port_info 9 /OUTPUT 8 "in_byte";
    .port_info 10 /OUTPUT 1 "retrieve_start";
    .port_info 11 /INPUT 8 "out_byte";
    .port_info 12 /INPUT 1 "out_byte_ready";
    .port_info 13 /INPUT 1 "byte_received";
    .port_info 14 /OUTPUT 1 "sdevbyte";
    .port_info 15 /OUTPUT 1 "dev_stop_signal";
    .port_info 16 /INPUT 1 "dev_start_signal";
    .port_info 17 /INPUT 1 "sdevcache";
    .port_info 18 /OUTPUT 25 "qspi_address";
    .port_info 19 /OUTPUT 1 "address_progression";
    .port_info 20 /OUTPUT 8 "cachecontin";
    .port_info 21 /INPUT 8 "cachecontout";
    .port_info 22 /INPUT 32 "CM_CACHE";
    .port_info 23 /INPUT 32 "PC_CACHE";
    .port_info 24 /INPUT 32 "REGS_CACHE_DATA";
    .port_info 25 /INPUT 32 "REGS_CACHE_ADDRESS";
    .port_info 26 /INPUT 32 "CSR_DEV_BUS_IN";
    .port_info 27 /INPUT 32 "CSR_DEV_BUS_OUT";
    .port_info 28 /OUTPUT 32 "CACHE_IR";
    .port_info 29 /OUTPUT 32 "CACHE_MAR";
    .port_info 30 /OUTPUT 32 "CACHE_REGS";
    .port_info 31 /OUTPUT 1 "cache_done";
P_0x63fc49204490 .param/l "ACCESS" 1 2 70, +C4<00000000000000000000000000000100>;
P_0x63fc492044d0 .param/l "ACCESS2" 1 2 78, +C4<00000000000000000000000000001100>;
P_0x63fc49204510 .param/l "ACCESS2_DONE" 1 2 79, +C4<00000000000000000000000000001101>;
P_0x63fc49204550 .param/l "FINISH" 1 2 80, +C4<00000000000000000000000000001110>;
P_0x63fc49204590 .param/l "IDLE" 1 2 69, +C4<00000000000000000000000000000011>;
P_0x63fc492045d0 .param/l "INSTALL_LINE" 1 2 76, +C4<00000000000000000000000000001010>;
P_0x63fc49204610 .param/l "MERGE" 1 2 77, +C4<00000000000000000000000000001011>;
P_0x63fc49204650 .param/l "MISS" 1 2 71, +C4<00000000000000000000000000000101>;
P_0x63fc49204690 .param/l "REFILL_LINE" 1 2 73, +C4<00000000000000000000000000000111>;
P_0x63fc492046d0 .param/l "RETRIEVE" 1 2 74, +C4<00000000000000000000000000001000>;
P_0x63fc49204710 .param/l "RETRIEVE_WAIT" 1 2 75, +C4<00000000000000000000000000001001>;
P_0x63fc49204750 .param/l "WRITE_BACK" 1 2 72, +C4<00000000000000000000000000000110>;
P_0x63fc49204790 .param/l "b" 1 2 66, +C4<00000000000000000000000000000000>;
P_0x63fc492047d0 .param/l "h" 1 2 67, +C4<00000000000000000000000000000001>;
P_0x63fc49204810 .param/l "w" 1 2 68, +C4<00000000000000000000000000000010>;
L_0x63fc49289b10 .functor AND 1, v0x63fc492c7270_0, L_0x63fc492d84b0, C4<1>, C4<1>;
L_0x63fc4928a480 .functor AND 1, v0x63fc492c4b60_0, L_0x63fc492d86a0, C4<1>, C4<1>;
L_0x63fc492d8eb0 .functor AND 1, L_0x63fc492da400, v0x63fc492c5980_0, C4<1>, C4<1>;
L_0x63fc4928a960 .functor OR 1, L_0x63fc492da770, L_0x63fc492daa50, C4<0>, C4<0>;
L_0x63fc4928c340 .functor BUFZ 9, v0x63fc492c4f60_0, C4<000000000>, C4<000000000>, C4<000000000>;
L_0x63fc4928c6b0 .functor OR 1, L_0x63fc4928a960, L_0x63fc492d7fc0, C4<0>, C4<0>;
L_0x63fc492901b0 .functor OR 1, L_0x63fc4928c6b0, L_0x63fc492dbc90, C4<0>, C4<0>;
L_0x63fc49291d50 .functor BUFZ 32, L_0x63fc492dc0c0, C4<00000000000000000000000000000000>, C4<00000000000000000000000000000000>, C4<00000000000000000000000000000000>;
L_0x63fc492dcf90 .functor BUFZ 32, L_0x63fc492d8950, C4<00000000000000000000000000000000>, C4<00000000000000000000000000000000>, C4<00000000000000000000000000000000>;
v0x63fc49289c30_0 .net "CACHE_IR", 31 0, L_0x63fc492dcc50;  1 drivers
v0x63fc4928a5a0_0 .net "CACHE_MAR", 31 0, L_0x63fc492dcf90;  1 drivers
v0x63fc4928aa80_0 .net "CACHE_REGS", 31 0, L_0x63fc49291d50;  1 drivers
o0x765d20ac10a8 .functor BUFZ 32, C4<zzzzzzzzzzzzzzzzzzzzzzzzzzzzzzzz>; HiZ drive
v0x63fc4928c460_0 .net "CM_CACHE", 31 0, o0x765d20ac10a8;  0 drivers
o0x765d20ac10d8 .functor BUFZ 32, C4<zzzzzzzzzzzzzzzzzzzzzzzzzzzzzzzz>; HiZ drive
v0x63fc4928c7d0_0 .net "CSR_DEV_BUS_IN", 31 0, o0x765d20ac10d8;  0 drivers
o0x765d20ac1108 .functor BUFZ 32, C4<zzzzzzzzzzzzzzzzzzzzzzzzzzzzzzzz>; HiZ drive
v0x63fc49290310_0 .net "CSR_DEV_BUS_OUT", 31 0, o0x765d20ac1108;  0 drivers
o0x765d20ac1138 .functor BUFZ 32, C4<zzzzzzzzzzzzzzzzzzzzzzzzzzzzzzzz>; HiZ drive
v0x63fc49291ef0_0 .net "PC_CACHE", 31 0, o0x765d20ac1138;  0 drivers
o0x765d20ac1168 .functor BUFZ 32, C4<zzzzzzzzzzzzzzzzzzzzzzzzzzzzzzzz>; HiZ drive
v0x63fc492afb90_0 .net "REGS_CACHE_ADDRESS", 31 0, o0x765d20ac1168;  0 drivers
o0x765d20ac1198 .functor BUFZ 32, C4<zzzzzzzzzzzzzzzzzzzzzzzzzzzzzzzz>; HiZ drive
v0x63fc492afc70_0 .net "REGS_CACHE_DATA", 31 0, o0x765d20ac1198;  0 drivers
v0x63fc492afd50_0 .net *"_ivl_0", 31 0, L_0x63fc492c7ef0;  1 drivers
v0x63fc492afe30_0 .net *"_ivl_100", 0 0, L_0x63fc492daa50;  1 drivers
v0x63fc492afef0_0 .net *"_ivl_104", 2 0, L_0x63fc492dac60;  1 drivers
v0x63fc492affd0_0 .net *"_ivl_112", 31 0, L_0x63fc492db250;  1 drivers
L_0x765d207b74e0 .functor BUFT 1, C4<0000000000000000000000000000>, C4<0>, C4<0>, C4<0>;
v0x63fc492b00b0_0 .net *"_ivl_115", 27 0, L_0x765d207b74e0;  1 drivers
L_0x765d207b7528 .functor BUFT 1, C4<00000000000000000000000000001011>, C4<0>, C4<0>, C4<0>;
v0x63fc492b0190_0 .net/2u *"_ivl_116", 31 0, L_0x765d207b7528;  1 drivers
L_0x765d207b70f0 .functor BUFT 1, C4<00000>, C4<0>, C4<0>, C4<0>;
v0x63fc492b0270_0 .net/2u *"_ivl_12", 4 0, L_0x765d207b70f0;  1 drivers
L_0x765d207b7570 .functor BUFT 1, C4<1111>, C4<0>, C4<0>, C4<0>;
v0x63fc492b0350_0 .net/2u *"_ivl_120", 3 0, L_0x765d207b7570;  1 drivers
L_0x765d207b75b8 .functor BUFT 1, C4<0000>, C4<0>, C4<0>, C4<0>;
v0x63fc492b0540_0 .net/2u *"_ivl_122", 3 0, L_0x765d207b75b8;  1 drivers
v0x63fc492b0620_0 .net *"_ivl_124", 3 0, L_0x63fc492db130;  1 drivers
v0x63fc492b0700_0 .net *"_ivl_131", 0 0, L_0x63fc4928c6b0;  1 drivers
v0x63fc492b07c0_0 .net *"_ivl_132", 31 0, L_0x63fc492dba50;  1 drivers
L_0x765d207b7600 .functor BUFT 1, C4<0000000000000000000000000000>, C4<0>, C4<0>, C4<0>;
v0x63fc492b08a0_0 .net *"_ivl_135", 27 0, L_0x765d207b7600;  1 drivers
L_0x765d207b7648 .functor BUFT 1, C4<00000000000000000000000000001001>, C4<0>, C4<0>, C4<0>;
v0x63fc492b0980_0 .net/2u *"_ivl_136", 31 0, L_0x765d207b7648;  1 drivers
v0x63fc492b0a60_0 .net *"_ivl_138", 0 0, L_0x63fc492dbc90;  1 drivers
L_0x765d207b7690 .functor BUFT 1, C4<000>, C4<0>, C4<0>, C4<0>;
v0x63fc492b0b20_0 .net/2u *"_ivl_142", 2 0, L_0x765d207b7690;  1 drivers
v0x63fc492b0c00_0 .net *"_ivl_144", 4 0, L_0x63fc492dbe70;  1 drivers
v0x63fc492b0ce0_0 .net *"_ivl_150", 31 0, L_0x63fc492dc3c0;  1 drivers
v0x63fc492b0dc0_0 .net *"_ivl_154", 31 0, L_0x63fc492dc720;  1 drivers
L_0x765d207b76d8 .functor BUFT 1, C4<0000000000000000000000000000>, C4<0>, C4<0>, C4<0>;
v0x63fc492b0ea0_0 .net *"_ivl_157", 27 0, L_0x765d207b76d8;  1 drivers
L_0x765d207b7720 .functor BUFT 1, C4<00000000000000000000000000001110>, C4<0>, C4<0>, C4<0>;
v0x63fc492b0f80_0 .net/2u *"_ivl_158", 31 0, L_0x765d207b7720;  1 drivers
v0x63fc492b1060_0 .net *"_ivl_16", 0 0, L_0x63fc492d84b0;  1 drivers
L_0x765d207b7768 .functor BUFT 1, C4<00000000000000000000000000000000>, C4<0>, C4<0>, C4<0>;
v0x63fc492b1120_0 .net/2u *"_ivl_166", 31 0, L_0x765d207b7768;  1 drivers
L_0x765d207b7138 .functor BUFT 1, C4<111>, C4<0>, C4<0>, C4<0>;
v0x63fc492b1200_0 .net/2u *"_ivl_20", 2 0, L_0x765d207b7138;  1 drivers
v0x63fc492b14f0_0 .net *"_ivl_22", 0 0, L_0x63fc492d86a0;  1 drivers
v0x63fc492b15b0_0 .net *"_ivl_26", 31 0, L_0x63fc492d8850;  1 drivers
L_0x765d207b7018 .functor BUFT 1, C4<0000000000000000000000000000>, C4<0>, C4<0>, C4<0>;
v0x63fc492b1690_0 .net *"_ivl_3", 27 0, L_0x765d207b7018;  1 drivers
L_0x765d207b7180 .functor BUFT 1, C4<1111>, C4<0>, C4<0>, C4<0>;
v0x63fc492b1770_0 .net/2u *"_ivl_38", 3 0, L_0x765d207b7180;  1 drivers
L_0x765d207b7060 .functor BUFT 1, C4<00000000000000000000000000000110>, C4<0>, C4<0>, C4<0>;
v0x63fc492b1850_0 .net/2u *"_ivl_4", 31 0, L_0x765d207b7060;  1 drivers
v0x63fc492b1930_0 .net *"_ivl_41", 0 0, L_0x63fc492d8f50;  1 drivers
L_0x765d207b71c8 .functor BUFT 1, C4<1100>, C4<0>, C4<0>, C4<0>;
v0x63fc492b1a10_0 .net/2u *"_ivl_42", 3 0, L_0x765d207b71c8;  1 drivers
L_0x765d207b7210 .functor BUFT 1, C4<0011>, C4<0>, C4<0>, C4<0>;
v0x63fc492b1af0_0 .net/2u *"_ivl_44", 3 0, L_0x765d207b7210;  1 drivers
v0x63fc492b1bd0_0 .net *"_ivl_46", 3 0, L_0x63fc492d90b0;  1 drivers
L_0x765d207b7258 .functor BUFT 1, C4<0001>, C4<0>, C4<0>, C4<0>;
v0x63fc492b1cb0_0 .net/2u *"_ivl_48", 3 0, L_0x765d207b7258;  1 drivers
v0x63fc492b1d90_0 .net *"_ivl_50", 3 0, L_0x63fc492d9250;  1 drivers
L_0x765d207b72a0 .functor BUFT 1, C4<0000>, C4<0>, C4<0>, C4<0>;
v0x63fc492b1e70_0 .net/2u *"_ivl_52", 3 0, L_0x765d207b72a0;  1 drivers
v0x63fc492b1f50_0 .net *"_ivl_54", 3 0, L_0x63fc492d9340;  1 drivers
v0x63fc492b2030_0 .net *"_ivl_56", 3 0, L_0x63fc492d9510;  1 drivers
v0x63fc492b2110_0 .net *"_ivl_61", 7 0, L_0x63fc492d9830;  1 drivers
v0x63fc492b21f0_0 .net *"_ivl_62", 31 0, L_0x63fc492d98d0;  1 drivers
v0x63fc492b22d0_0 .net *"_ivl_65", 15 0, L_0x63fc492d96f0;  1 drivers
v0x63fc492b23b0_0 .net *"_ivl_66", 31 0, L_0x63fc492d9ad0;  1 drivers
L_0x765d207b72e8 .functor BUFT 1, C4<00000000000000000000000000000000>, C4<0>, C4<0>, C4<0>;
v0x63fc492b2490_0 .net/2u *"_ivl_68", 31 0, L_0x765d207b72e8;  1 drivers
v0x63fc492b2570_0 .net *"_ivl_70", 31 0, L_0x63fc492d9c80;  1 drivers
v0x63fc492b2650_0 .net *"_ivl_72", 31 0, L_0x63fc492d9df0;  1 drivers
v0x63fc492b2730_0 .net *"_ivl_76", 31 0, L_0x63fc492da1e0;  1 drivers
L_0x765d207b7330 .functor BUFT 1, C4<0000000000000000000000000000>, C4<0>, C4<0>, C4<0>;
v0x63fc492b2810_0 .net *"_ivl_79", 27 0, L_0x765d207b7330;  1 drivers
L_0x765d207b70a8 .functor BUFT 1, C4<00000>, C4<0>, C4<0>, C4<0>;
v0x63fc492b28f0_0 .net/2u *"_ivl_8", 4 0, L_0x765d207b70a8;  1 drivers
L_0x765d207b7378 .functor BUFT 1, C4<00000000000000000000000000001010>, C4<0>, C4<0>, C4<0>;
v0x63fc492b29d0_0 .net/2u *"_ivl_80", 31 0, L_0x765d207b7378;  1 drivers
v0x63fc492b2ab0_0 .net *"_ivl_82", 0 0, L_0x63fc492da400;  1 drivers
v0x63fc492b2b70_0 .net *"_ivl_86", 31 0, L_0x63fc492da590;  1 drivers
L_0x765d207b73c0 .functor BUFT 1, C4<0000000000000000000000000000>, C4<0>, C4<0>, C4<0>;
v0x63fc492b2c50_0 .net *"_ivl_89", 27 0, L_0x765d207b73c0;  1 drivers
L_0x765d207b7408 .functor BUFT 1, C4<00000000000000000000000000000100>, C4<0>, C4<0>, C4<0>;
v0x63fc492b2d30_0 .net/2u *"_ivl_90", 31 0, L_0x765d207b7408;  1 drivers
v0x63fc492b2e10_0 .net *"_ivl_92", 0 0, L_0x63fc492da770;  1 drivers
v0x63fc492b2ed0_0 .net *"_ivl_94", 31 0, L_0x63fc492da8b0;  1 drivers
L_0x765d207b7450 .functor BUFT 1, C4<0000000000000000000000000000>, C4<0>, C4<0>, C4<0>;
v0x63fc492b2fb0_0 .net *"_ivl_97", 27 0, L_0x765d207b7450;  1 drivers
L_0x765d207b7498 .functor BUFT 1, C4<00000000000000000000000000001011>, C4<0>, C4<0>, C4<0>;
v0x63fc492b34a0_0 .net/2u *"_ivl_98", 31 0, L_0x765d207b7498;  1 drivers
v0x63fc492b3580_0 .var "accessed_data", 0 0;
v0x63fc492b3640_0 .var "address_progression", 0 0;
o0x765d20ac1cd8 .functor BUFZ 1, C4<z>; HiZ drive
v0x63fc492b3700_0 .net "busy_w", 0 0, o0x765d20ac1cd8;  0 drivers
v0x63fc492b37c0_0 .var "byte_r", 1 0;
o0x765d20ac1d38 .functor BUFZ 1, C4<z>; HiZ drive
v0x63fc492b38a0_0 .net "byte_received", 0 0, o0x765d20ac1d38;  0 drivers
v0x63fc492b3960_0 .net "cache_address", 31 0, L_0x63fc492d8950;  1 drivers
v0x63fc492b3a40_0 .net "cache_done", 0 0, L_0x63fc492dc810;  1 drivers
v0x63fc492b3b00_0 .var "cache_state", 3 0;
v0x63fc492b3be0_0 .var "cachecontin", 7 0;
o0x765d20ac1e28 .functor BUFZ 8, C4<zzzzzzzz>; HiZ drive
v0x63fc492b3cc0_0 .net "cachecontout", 7 0, o0x765d20ac1e28;  0 drivers
o0x765d20ac1e58 .functor BUFZ 1, C4<z>; HiZ drive
v0x63fc492b3da0_0 .net "clk", 0 0, o0x765d20ac1e58;  0 drivers
v0x63fc492b3e60_0 .net "cpu_owns", 0 0, L_0x63fc4928a960;  1 drivers
v0x63fc492b3f20_0 .net "cpu_wr", 0 0, L_0x63fc492db340;  1 drivers
v0x63fc492b3fe0 .array "data_ram", 4095 0, 31 0;
o0x765d20ac1ee8 .functor BUFZ 1, C4<z>; HiZ drive
v0x63fc492c4180_0 .net "ddc", 0 0, o0x765d20ac1ee8;  0 drivers
o0x765d20ac1f18 .functor BUFZ 1, C4<z>; HiZ drive
v0x63fc492c4240_0 .net "dev_start_signal", 0 0, o0x765d20ac1f18;  0 drivers
v0x63fc492c4300_0 .var "dev_stop_signal", 0 0;
v0x63fc492c43c0_0 .var "dirty", 511 0;
v0x63fc492c44a0_0 .var "dirty_do", 0 0;
v0x63fc492c4560_0 .net "dram_a", 11 0, L_0x63fc492daff0;  1 drivers
v0x63fc492c4640_0 .net "dram_di", 31 0, L_0x63fc492db920;  1 drivers
v0x63fc492c4720_0 .var "dram_do", 31 0;
v0x63fc492c4800_0 .net "dram_re", 0 0, L_0x63fc492901b0;  1 drivers
v0x63fc492c48c0_0 .net "dram_we", 3 0, L_0x63fc492db650;  1 drivers
v0x63fc492c49a0_0 .net "fill_address", 31 0, L_0x63fc492d82e0;  1 drivers
v0x63fc492c4a80_0 .var "fill_byte", 1 0;
v0x63fc492c4b60_0 .var "fill_we", 0 0;
v0x63fc492c4c20_0 .var "fill_word", 31 0;
v0x63fc492c4d00_0 .var "fill_word_ptr", 2 0;
v0x63fc492c4de0_0 .var "filling", 0 0;
v0x63fc492c4ea0_0 .net "hit", 0 0, L_0x63fc49289b10;  1 drivers
v0x63fc492c4f60_0 .var "idx_r", 8 0;
v0x63fc492c5040_0 .net "in_byte", 7 0, L_0x63fc492dcae0;  1 drivers
v0x63fc492c5120_0 .var/i "k", 31 0;
v0x63fc492c5200_0 .var "load_reg", 31 0;
v0x63fc492c52e0_0 .net "load_word", 31 0, L_0x63fc492dc0c0;  1 drivers
o0x765d20ac2308 .functor BUFZ 8, C4<zzzzzzzz>; HiZ drive
v0x63fc492c53c0_0 .net "out_byte", 7 0, o0x765d20ac2308;  0 drivers
o0x765d20ac2338 .functor BUFZ 1, C4<z>; HiZ drive
v0x63fc492c54a0_0 .net "out_byte_ready", 0 0, o0x765d20ac2338;  0 drivers
v0x63fc492c5560_0 .net "qspi_address", 24 0, L_0x63fc492dc4b0;  1 drivers
v0x63fc492c5640_0 .net "ram_idx", 8 0, L_0x63fc4928c340;  1 drivers
v0x63fc492c5720_0 .net "ram_word", 2 0, L_0x63fc492daeb0;  1 drivers
v0x63fc492c5800_0 .var "ram_write_done", 0 0;
v0x63fc492c58c0_0 .var "ram_write_start", 0 0;
v0x63fc492c5980_0 .var "refill_done", 0 0;
v0x63fc492c5a40_0 .net "req_byte", 1 0, L_0x63fc492d8de0;  1 drivers
v0x63fc492c5b20_0 .net "req_idx", 8 0, L_0x63fc492d8c10;  1 drivers
v0x63fc492c5c00_0 .net "req_tag", 17 0, L_0x63fc492d8af0;  1 drivers
v0x63fc492c5ce0_0 .net "req_word", 2 0, L_0x63fc492d8d10;  1 drivers
v0x63fc492c5dc0_0 .net "retrieve_done", 0 0, L_0x63fc4928a480;  1 drivers
v0x63fc492c5e80_0 .var "retrieve_start", 0 0;
o0x765d20ac25a8 .functor BUFZ 1, C4<z>; HiZ drive
v0x63fc492c5f40_0 .net "sci", 0 0, o0x765d20ac25a8;  0 drivers
v0x63fc492c6000_0 .var "sdevbyte", 0 0;
o0x765d20ac2608 .functor BUFZ 1, C4<z>; HiZ drive
v0x63fc492c60c0_0 .net "sdevcache", 0 0, o0x765d20ac2608;  0 drivers
o0x765d20ac2638 .functor BUFZ 1, C4<z>; HiZ drive
v0x63fc492c6180_0 .net "spc", 0 0, o0x765d20ac2638;  0 drivers
o0x765d20ac2668 .functor BUFZ 1, C4<z>; HiZ drive
v0x63fc492c6240_0 .net "srr16", 0 0, o0x765d20ac2668;  0 drivers
o0x765d20ac2698 .functor BUFZ 1, C4<z>; HiZ drive
v0x63fc492c6300_0 .net "srr32", 0 0, o0x765d20ac2698;  0 drivers
o0x765d20ac26c8 .functor BUFZ 1, C4<z>; HiZ drive
v0x63fc492c63c0_0 .net "srr8", 0 0, o0x765d20ac26c8;  0 drivers
v0x63fc492c6480_0 .net "store_data", 31 0, L_0x63fc492da050;  1 drivers
v0x63fc492c6560_0 .net "store_req", 0 0, L_0x63fc492dc1b0;  1 drivers
v0x63fc492c6620_0 .var "tag_do", 17 0;
v0x63fc492c6700_0 .var "tag_r", 17 0;
v0x63fc492c67e0 .array "tag_ram", 511 0, 17 0;
v0x63fc492c68c0_0 .net "tag_we", 0 0, L_0x63fc492d8eb0;  1 drivers
v0x63fc492c7190_0 .var "valid", 511 0;
v0x63fc492c7270_0 .var "valid_do", 0 0;
v0x63fc492c7330_0 .var "victim_tag", 17 0;
v0x63fc492c7410_0 .net "wb_address", 31 0, L_0x63fc492d8130;  1 drivers
v0x63fc492c74f0_0 .var "wb_byte", 1 0;
v0x63fc492c75d0_0 .net "wb_owns", 0 0, L_0x63fc492d7fc0;  1 drivers
v0x63fc492c7690_0 .var "wb_shift", 31 0;
v0x63fc492c7770_0 .var "wb_word", 2 0;
v0x63fc492c7850_0 .net "we", 3 0, L_0x63fc492d9650;  1 drivers
v0x63fc492c7930_0 .var "word_r", 2 0;
v0x63fc492c7a10_0 .var "write_state", 2 0;
E_0x63fc492519f0 .event posedge, v0x63fc492b3da0_0;
E_0x63fc49244c10/0 .event anyedge, v0x63fc4928c7d0_0, v0x63fc49290310_0, v0x63fc492c4240_0, v0x63fc492b3cc0_0;
E_0x63fc49244c10/1 .event anyedge, v0x63fc492c60c0_0;
E_0x63fc49244c10 .event/or E_0x63fc49244c10/0, E_0x63fc49244c10/1;
L_0x63fc492c7ef0 .concat [ 4 28 0 0], v0x63fc492b3b00_0, L_0x765d207b7018;
L_0x63fc492d7fc0 .cmp/eq 32, L_0x63fc492c7ef0, L_0x765d207b7060;
L_0x63fc492d8130 .concat [ 5 9 18 0], L_0x765d207b70a8, v0x63fc492c4f60_0, v0x63fc492c7330_0;
L_0x63fc492d82e0 .concat [ 5 9 18 0], L_0x765d207b70f0, v0x63fc492c4f60_0, v0x63fc492c6700_0;
L_0x63fc492d84b0 .cmp/eq 18, v0x63fc492c6620_0, v0x63fc492c6700_0;
L_0x63fc492d86a0 .cmp/eq 3, v0x63fc492c4d00_0, L_0x765d207b7138;
L_0x63fc492d8850 .arith/sum 32, o0x765d20ac1168, o0x765d20ac10a8;
L_0x63fc492d8950 .functor MUXZ 32, L_0x63fc492d8850, o0x765d20ac1138, o0x765d20ac2638, C4<>;
L_0x63fc492d8af0 .part L_0x63fc492d8950, 14, 18;
L_0x63fc492d8c10 .part L_0x63fc492d8950, 5, 9;
L_0x63fc492d8d10 .part L_0x63fc492d8950, 2, 3;
L_0x63fc492d8de0 .part L_0x63fc492d8950, 0, 2;
L_0x63fc492d8f50 .part v0x63fc492b37c0_0, 1, 1;
L_0x63fc492d90b0 .functor MUXZ 4, L_0x765d207b7210, L_0x765d207b71c8, L_0x63fc492d8f50, C4<>;
L_0x63fc492d9250 .shift/l 4, L_0x765d207b7258, v0x63fc492b37c0_0;
L_0x63fc492d9340 .functor MUXZ 4, L_0x765d207b72a0, L_0x63fc492d9250, o0x765d20ac26c8, C4<>;
L_0x63fc492d9510 .functor MUXZ 4, L_0x63fc492d9340, L_0x63fc492d90b0, o0x765d20ac2668, C4<>;
L_0x63fc492d9650 .functor MUXZ 4, L_0x63fc492d9510, L_0x765d207b7180, o0x765d20ac2698, C4<>;
L_0x63fc492d9830 .part o0x765d20ac1198, 0, 8;
L_0x63fc492d98d0 .concat [ 8 8 8 8], L_0x63fc492d9830, L_0x63fc492d9830, L_0x63fc492d9830, L_0x63fc492d9830;
L_0x63fc492d96f0 .part o0x765d20ac1198, 0, 16;
L_0x63fc492d9ad0 .concat [ 16 16 0 0], L_0x63fc492d96f0, L_0x63fc492d96f0;
L_0x63fc492d9c80 .functor MUXZ 32, L_0x765d207b72e8, o0x765d20ac1198, o0x765d20ac2698, C4<>;
L_0x63fc492d9df0 .functor MUXZ 32, L_0x63fc492d9c80, L_0x63fc492d9ad0, o0x765d20ac2668, C4<>;
L_0x63fc492da050 .functor MUXZ 32, L_0x63fc492d9df0, L_0x63fc492d98d0, o0x765d20ac26c8, C4<>;
L_0x63fc492da1e0 .concat [ 4 28 0 0], v0x63fc492b3b00_0, L_0x765d207b7330;
L_0x63fc492da400 .cmp/eq 32, L_0x63fc492da1e0, L_0x765d207b7378;
L_0x63fc492da590 .concat [ 4 28 0 0], v0x63fc492b3b00_0, L_0x765d207b73c0;
L_0x63fc492da770 .cmp/eq 32, L_0x63fc492da590, L_0x765d207b7408;
L_0x63fc492da8b0 .concat [ 4 28 0 0], v0x63fc492b3b00_0, L_0x765d207b7450;
L_0x63fc492daa50 .cmp/eq 32, L_0x63fc492da8b0, L_0x765d207b7498;
L_0x63fc492dac60 .functor MUXZ 3, v0x63fc492c4d00_0, v0x63fc492c7770_0, L_0x63fc492d7fc0, C4<>;
L_0x63fc492daeb0 .functor MUXZ 3, L_0x63fc492dac60, v0x63fc492c7930_0, L_0x63fc4928a960, C4<>;
L_0x63fc492daff0 .concat [ 3 9 0 0], L_0x63fc492daeb0, L_0x63fc4928c340;
L_0x63fc492db250 .concat [ 4 28 0 0], v0x63fc492b3b00_0, L_0x765d207b74e0;
L_0x63fc492db340 .cmp/eq 32, L_0x63fc492db250, L_0x765d207b7528;
L_0x63fc492db130 .functor MUXZ 4, L_0x765d207b75b8, L_0x765d207b7570, v0x63fc492c4b60_0, C4<>;
L_0x63fc492db650 .functor MUXZ 4, L_0x63fc492db130, L_0x63fc492d9650, L_0x63fc492db340, C4<>;
L_0x63fc492db920 .functor MUXZ 32, v0x63fc492c4c20_0, L_0x63fc492da050, L_0x63fc492db340, C4<>;
L_0x63fc492dba50 .concat [ 4 28 0 0], v0x63fc492b3b00_0, L_0x765d207b7600;
L_0x63fc492dbc90 .cmp/eq 32, L_0x63fc492dba50, L_0x765d207b7648;
L_0x63fc492dbe70 .concat [ 3 2 0 0], L_0x765d207b7690, v0x63fc492b37c0_0;
L_0x63fc492dc0c0 .shift/r 32, v0x63fc492c4720_0, L_0x63fc492dbe70;
L_0x63fc492dc1b0 .reduce/or L_0x63fc492d9650;
L_0x63fc492dc3c0 .functor MUXZ 32, L_0x63fc492d82e0, L_0x63fc492d8130, L_0x63fc492d7fc0, C4<>;
L_0x63fc492dc4b0 .part L_0x63fc492dc3c0, 0, 25;
L_0x63fc492dc720 .concat [ 4 28 0 0], v0x63fc492b3b00_0, L_0x765d207b76d8;
L_0x63fc492dc810 .cmp/eq 32, L_0x63fc492dc720, L_0x765d207b7720;
L_0x63fc492dcae0 .part v0x63fc492c7690_0, 0, 8;
L_0x63fc492dcc50 .functor MUXZ 32, L_0x765d207b7768, v0x63fc492c4720_0, o0x765d20ac25a8, C4<>;
    .scope S_0x63fc492818f0;
T_0 ;
    %pushi/vec4 3, 0, 4;
    %store/vec4 v0x63fc492b3b00_0, 0, 4;
    %pushi/vec4 0, 0, 1;
    %store/vec4 v0x63fc492c5e80_0, 0, 1;
    %pushi/vec4 0, 0, 1;
    %store/vec4 v0x63fc492c58c0_0, 0, 1;
    %pushi/vec4 0, 0, 1;
    %store/vec4 v0x63fc492c5800_0, 0, 1;
    %pushi/vec4 0, 0, 3;
    %store/vec4 v0x63fc492c7a10_0, 0, 3;
    %pushi/vec4 0, 0, 32;
    %store/vec4 v0x63fc492c4c20_0, 0, 32;
    %pushi/vec4 0, 0, 3;
    %store/vec4 v0x63fc492c4d00_0, 0, 3;
    %pushi/vec4 0, 0, 2;
    %store/vec4 v0x63fc492c4a80_0, 0, 2;
    %pushi/vec4 0, 0, 1;
    %store/vec4 v0x63fc492c4b60_0, 0, 1;
    %pushi/vec4 0, 0, 1;
    %store/vec4 v0x63fc492c4de0_0, 0, 1;
    %pushi/vec4 0, 0, 32;
    %store/vec4 v0x63fc492c5120_0, 0, 32;
T_0.0 ;
    %load/vec4 v0x63fc492c5120_0;
    %cmpi/s 512, 0, 32;
    %jmp/0xz T_0.1, 5;
    %pushi/vec4 0, 0, 18;
    %ix/getv/s 4, v0x63fc492c5120_0;
    %store/vec4a v0x63fc492c67e0, 4, 0;
    %load/vec4 v0x63fc492c5120_0;
    %addi 1, 0, 32;
    %store/vec4 v0x63fc492c5120_0, 0, 32;
    %jmp T_0.0;
T_0.1 ;
    %pushi/vec4 0, 0, 32;
    %store/vec4 v0x63fc492c5120_0, 0, 32;
T_0.2 ;
    %load/vec4 v0x63fc492c5120_0;
    %cmpi/s 4096, 0, 32;
    %jmp/0xz T_0.3, 5;
    %pushi/vec4 0, 0, 32;
    %ix/getv/s 4, v0x63fc492c5120_0;
    %store/vec4a v0x63fc492b3fe0, 4, 0;
    %load/vec4 v0x63fc492c5120_0;
    %addi 1, 0, 32;
    %store/vec4 v0x63fc492c5120_0, 0, 32;
    %jmp T_0.2;
T_0.3 ;
    %pushi/vec4 0, 0, 512;
    %store/vec4 v0x63fc492c7190_0, 0, 512;
    %pushi/vec4 0, 0, 512;
    %store/vec4 v0x63fc492c43c0_0, 0, 512;
    %pushi/vec4 0, 0, 18;
    %store/vec4 v0x63fc492c6620_0, 0, 18;
    %pushi/vec4 0, 0, 1;
    %store/vec4 v0x63fc492c7270_0, 0, 1;
    %pushi/vec4 0, 0, 1;
    %store/vec4 v0x63fc492c44a0_0, 0, 1;
    %pushi/vec4 0, 0, 3;
    %store/vec4 v0x63fc492c7770_0, 0, 3;
    %pushi/vec4 0, 0, 2;
    %store/vec4 v0x63fc492c74f0_0, 0, 2;
    %pushi/vec4 0, 0, 32;
    %store/vec4 v0x63fc492c7690_0, 0, 32;
    %end;
    .thread T_0;
    .scope S_0x63fc492818f0;
T_1 ;
    %wait E_0x63fc49244c10;
    %pushi/vec4 0, 0, 1;
    %store/vec4 v0x63fc492c6000_0, 0, 1;
    %pushi/vec4 0, 0, 1;
    %store/vec4 v0x63fc492c4300_0, 0, 1;
    %pushi/vec4 0, 0, 1;
    %store/vec4 v0x63fc492b3640_0, 0, 1;
    %pushi/vec4 0, 0, 8;
    %store/vec4 v0x63fc492b3be0_0, 0, 8;
    %load/vec4 v0x63fc4928c7d0_0;
    %cmpi/e 1, 0, 32;
    %flag_get/vec4 4;
    %jmp/0 T_1.2, 4;
    %load/vec4 v0x63fc49290310_0;
    %pushi/vec4 2, 0, 32;
    %cmp/e;
    %flag_get/vec4 4;
    %and;
T_1.2;
    %flag_set/vec4 8;
    %jmp/0xz  T_1.0, 8;
    %load/vec4 v0x63fc492c4240_0;
    %ix/load 4, 0, 0;
    %flag_set/imm 4, 0;
    %store/vec4 v0x63fc492b3be0_0, 4, 1;
T_1.0 ;
    %load/vec4 v0x63fc4928c7d0_0;
    %cmpi/e 1, 0, 32;
    %flag_get/vec4 4;
    %jmp/0 T_1.5, 4;
    %load/vec4 v0x63fc49290310_0;
    %pushi/vec4 2, 0, 32;
    %cmp/e;
    %flag_get/vec4 4;
    %and;
T_1.5;
    %flag_set/vec4 8;
    %jmp/0xz  T_1.3, 8;
    %load/vec4 v0x63fc492b3cc0_0;
    %parti/s 1, 0, 2;
    %store/vec4 v0x63fc492c4300_0, 0, 1;
T_1.3 ;
    %load/vec4 v0x63fc4928c7d0_0;
    %cmpi/e 2, 0, 32;
    %flag_get/vec4 4;
    %jmp/0 T_1.8, 4;
    %load/vec4 v0x63fc49290310_0;
    %pushi/vec4 1, 0, 32;
    %cmp/e;
    %flag_get/vec4 4;
    %and;
T_1.8;
    %flag_set/vec4 8;
    %jmp/0xz  T_1.6, 8;
    %load/vec4 v0x63fc492c60c0_0;
    %store/vec4 v0x63fc492c6000_0, 0, 1;
T_1.6 ;
    %load/vec4 v0x63fc4928c7d0_0;
    %cmpi/e 2, 0, 32;
    %flag_get/vec4 4;
    %jmp/0 T_1.11, 4;
    %load/vec4 v0x63fc49290310_0;
    %pushi/vec4 1, 0, 32;
    %cmp/e;
    %flag_get/vec4 4;
    %and;
T_1.11;
    %flag_set/vec4 8;
    %jmp/0xz  T_1.9, 8;
    %load/vec4 v0x63fc492c60c0_0;
    %ix/load 4, 0, 0;
    %flag_set/imm 4, 0;
    %store/vec4 v0x63fc492b3be0_0, 4, 1;
T_1.9 ;
    %load/vec4 v0x63fc4928c7d0_0;
    %cmpi/e 1, 0, 32;
    %flag_get/vec4 4;
    %jmp/0 T_1.15, 4;
    %load/vec4 v0x63fc49290310_0;
    %pushi/vec4 3, 0, 32;
    %cmp/e;
    %flag_get/vec4 4;
    %and;
T_1.15;
    %flag_set/vec4 8;
    %jmp/1 T_1.14, 8;
    %load/vec4 v0x63fc4928c7d0_0;
    %cmpi/e 3, 0, 32;
    %flag_get/vec4 4;
    %jmp/0 T_1.16, 4;
    %load/vec4 v0x63fc49290310_0;
    %pushi/vec4 1, 0, 32;
    %cmp/e;
    %flag_get/vec4 4;
    %and;
T_1.16;
    %flag_set/vec4 9;
    %flag_or 8, 9;
T_1.14;
    %jmp/0xz  T_1.12, 8;
    %load/vec4 v0x63fc492c4240_0;
    %ix/load 4, 0, 0;
    %flag_set/imm 4, 0;
    %store/vec4 v0x63fc492b3be0_0, 4, 1;
T_1.12 ;
    %load/vec4 v0x63fc4928c7d0_0;
    %cmpi/e 1, 0, 32;
    %flag_get/vec4 4;
    %jmp/0 T_1.20, 4;
    %load/vec4 v0x63fc49290310_0;
    %pushi/vec4 3, 0, 32;
    %cmp/e;
    %flag_get/vec4 4;
    %and;
T_1.20;
    %flag_set/vec4 8;
    %jmp/1 T_1.19, 8;
    %load/vec4 v0x63fc4928c7d0_0;
    %cmpi/e 3, 0, 32;
    %flag_get/vec4 4;
    %jmp/0 T_1.21, 4;
    %load/vec4 v0x63fc49290310_0;
    %pushi/vec4 1, 0, 32;
    %cmp/e;
    %flag_get/vec4 4;
    %and;
T_1.21;
    %flag_set/vec4 9;
    %flag_or 8, 9;
T_1.19;
    %jmp/0xz  T_1.17, 8;
    %load/vec4 v0x63fc492b3cc0_0;
    %parti/s 1, 0, 2;
    %store/vec4 v0x63fc492b3640_0, 0, 1;
    %load/vec4 v0x63fc492b3cc0_0;
    %parti/s 1, 1, 2;
    %store/vec4 v0x63fc492c4300_0, 0, 1;
T_1.17 ;
    %load/vec4 v0x63fc4928c7d0_0;
    %cmpi/e 3, 0, 32;
    %flag_get/vec4 4;
    %jmp/0 T_1.24, 4;
    %load/vec4 v0x63fc49290310_0;
    %pushi/vec4 1, 0, 32;
    %cmp/e;
    %flag_get/vec4 4;
    %and;
T_1.24;
    %flag_set/vec4 8;
    %jmp/0xz  T_1.22, 8;
    %load/vec4 v0x63fc492b3cc0_0;
    %parti/s 1, 0, 2;
    %store/vec4 v0x63fc492c6000_0, 0, 1;
T_1.22 ;
    %jmp T_1;
    .thread T_1, $push;
    .scope S_0x63fc492818f0;
T_2 ;
    %wait E_0x63fc492519f0;
    %load/vec4 v0x63fc492b3b00_0;
    %pad/u 32;
    %cmpi/e 3, 0, 32;
    %flag_get/vec4 4;
    %jmp/0 T_2.2, 4;
    %load/vec4 v0x63fc492c4180_0;
    %and;
T_2.2;
    %flag_set/vec4 8;
    %jmp/0xz  T_2.0, 8;
    %load/vec4 v0x63fc492c5c00_0;
    %assign/vec4 v0x63fc492c6700_0, 0;
    %load/vec4 v0x63fc492c5b20_0;
    %assign/vec4 v0x63fc492c4f60_0, 0;
    %load/vec4 v0x63fc492c5ce0_0;
    %assign/vec4 v0x63fc492c7930_0, 0;
    %load/vec4 v0x63fc492c5a40_0;
    %assign/vec4 v0x63fc492b37c0_0, 0;
T_2.0 ;
    %jmp T_2;
    .thread T_2;
    .scope S_0x63fc492818f0;
T_3 ;
    %wait E_0x63fc492519f0;
    %load/vec4 v0x63fc492c68c0_0;
    %flag_set/vec4 8;
    %jmp/0xz  T_3.0, 8;
    %load/vec4 v0x63fc492c6700_0;
    %load/vec4 v0x63fc492c5640_0;
    %pad/u 11;
    %ix/vec4 3;
    %ix/load 4, 0, 0; Constant delay
    %assign/vec4/a/d v0x63fc492c67e0, 0, 4;
T_3.0 ;
    %load/vec4 v0x63fc492c5640_0;
    %pad/u 11;
    %ix/vec4 4;
    %load/vec4a v0x63fc492c67e0, 4;
    %assign/vec4 v0x63fc492c6620_0, 0;
    %load/vec4 v0x63fc492c7190_0;
    %load/vec4 v0x63fc492c5640_0;
    %part/u 1;
    %assign/vec4 v0x63fc492c7270_0, 0;
    %load/vec4 v0x63fc492c43c0_0;
    %load/vec4 v0x63fc492c5640_0;
    %part/u 1;
    %assign/vec4 v0x63fc492c44a0_0, 0;
    %jmp T_3;
    .thread T_3;
    .scope S_0x63fc492818f0;
T_4 ;
    %wait E_0x63fc492519f0;
    %load/vec4 v0x63fc492c68c0_0;
    %flag_set/vec4 8;
    %jmp/0xz  T_4.0, 8;
    %pushi/vec4 1, 0, 1;
    %ix/load 5, 0, 0;
    %ix/getv 4, v0x63fc492c5640_0;
    %assign/vec4/off/d v0x63fc492c7190_0, 4, 5;
    %pushi/vec4 0, 0, 1;
    %ix/load 5, 0, 0;
    %ix/getv 4, v0x63fc492c5640_0;
    %assign/vec4/off/d v0x63fc492c43c0_0, 4, 5;
    %jmp T_4.1;
T_4.0 ;
    %load/vec4 v0x63fc492b3b00_0;
    %pad/u 32;
    %cmpi/e 11, 0, 32;
    %flag_get/vec4 4;
    %jmp/0 T_4.4, 4;
    %load/vec4 v0x63fc492c7850_0;
    %or/r;
    %and;
T_4.4;
    %flag_set/vec4 8;
    %jmp/0xz  T_4.2, 8;
    %pushi/vec4 1, 0, 1;
    %ix/load 5, 0, 0;
    %ix/getv 4, v0x63fc492c5640_0;
    %assign/vec4/off/d v0x63fc492c43c0_0, 4, 5;
T_4.2 ;
T_4.1 ;
    %jmp T_4;
    .thread T_4;
    .scope S_0x63fc492818f0;
T_5 ;
    %wait E_0x63fc492519f0;
    %load/vec4 v0x63fc492b3b00_0;
    %pad/u 32;
    %cmpi/e 5, 0, 32;
    %jmp/0xz  T_5.0, 4;
    %load/vec4 v0x63fc492c6620_0;
    %assign/vec4 v0x63fc492c7330_0, 0;
T_5.0 ;
    %jmp T_5;
    .thread T_5;
    .scope S_0x63fc492818f0;
T_6 ;
    %wait E_0x63fc492519f0;
    %load/vec4 v0x63fc492c48c0_0;
    %parti/s 1, 0, 2;
    %flag_set/vec4 8;
    %jmp/0xz  T_6.0, 8;
    %load/vec4 v0x63fc492c4640_0;
    %parti/s 8, 0, 2;
    %load/vec4 v0x63fc492c4560_0;
    %pad/u 14;
    %ix/vec4 3;
    %ix/load 4, 0, 0; Constant delay
    %assign/vec4/a/d v0x63fc492b3fe0, 0, 4;
T_6.0 ;
    %load/vec4 v0x63fc492c48c0_0;
    %parti/s 1, 1, 2;
    %flag_set/vec4 8;
    %jmp/0xz  T_6.2, 8;
    %load/vec4 v0x63fc492c4640_0;
    %parti/s 8, 8, 5;
    %load/vec4 v0x63fc492c4560_0;
    %pad/u 14;
    %ix/vec4 3;
    %ix/load 4, 8, 0; part off
    %ix/load 5, 0, 0; Constant delay
    %assign/vec4/a/d v0x63fc492b3fe0, 4, 5;
T_6.2 ;
    %load/vec4 v0x63fc492c48c0_0;
    %parti/s 1, 2, 3;
    %flag_set/vec4 8;
    %jmp/0xz  T_6.4, 8;
    %load/vec4 v0x63fc492c4640_0;
    %parti/s 8, 16, 6;
    %load/vec4 v0x63fc492c4560_0;
    %pad/u 14;
    %ix/vec4 3;
    %ix/load 4, 16, 0; part off
    %ix/load 5, 0, 0; Constant delay
    %assign/vec4/a/d v0x63fc492b3fe0, 4, 5;
T_6.4 ;
    %load/vec4 v0x63fc492c48c0_0;
    %parti/s 1, 3, 3;
    %flag_set/vec4 8;
    %jmp/0xz  T_6.6, 8;
    %load/vec4 v0x63fc492c4640_0;
    %parti/s 8, 24, 6;
    %load/vec4 v0x63fc492c4560_0;
    %pad/u 14;
    %ix/vec4 3;
    %ix/load 4, 24, 0; part off
    %ix/load 5, 0, 0; Constant delay
    %assign/vec4/a/d v0x63fc492b3fe0, 4, 5;
T_6.6 ;
    %load/vec4 v0x63fc492c4800_0;
    %flag_set/vec4 8;
    %jmp/0xz  T_6.8, 8;
    %load/vec4 v0x63fc492c4560_0;
    %pad/u 14;
    %ix/vec4 4;
    %load/vec4a v0x63fc492b3fe0, 4;
    %assign/vec4 v0x63fc492c4720_0, 0;
T_6.8 ;
    %jmp T_6;
    .thread T_6;
    .scope S_0x63fc492818f0;
T_7 ;
    %wait E_0x63fc492519f0;
    %load/vec4 v0x63fc492b3b00_0;
    %pad/u 32;
    %pushi/vec4 4, 0, 32;
    %cmp/e;
    %flag_get/vec4 4;
    %assign/vec4 v0x63fc492b3580_0, 0;
    %jmp T_7;
    .thread T_7;
    .scope S_0x63fc492818f0;
T_8 ;
    %wait E_0x63fc492519f0;
    %load/vec4 v0x63fc492b3b00_0;
    %pad/u 32;
    %cmpi/e 3, 0, 32;
    %flag_get/vec4 4;
    %jmp/0 T_8.3, 4;
    %load/vec4 v0x63fc492c4180_0;
    %and;
T_8.3;
    %flag_set/vec4 9;
    %flag_get/vec4 9;
    %jmp/0 T_8.2, 9;
    %load/vec4 v0x63fc492b3700_0;
    %nor/r;
    %and;
T_8.2;
    %flag_set/vec4 8;
    %jmp/0xz  T_8.0, 8;
    %pushi/vec4 4, 0, 4;
    %assign/vec4 v0x63fc492b3b00_0, 0;
T_8.0 ;
    %load/vec4 v0x63fc492b3b00_0;
    %pad/u 32;
    %cmpi/e 4, 0, 32;
    %flag_get/vec4 4;
    %jmp/0 T_8.6, 4;
    %load/vec4 v0x63fc492b3580_0;
    %and;
T_8.6;
    %flag_set/vec4 8;
    %jmp/0xz  T_8.4, 8;
    %load/vec4 v0x63fc492c4ea0_0;
    %flag_set/vec4 8;
    %jmp/0 T_8.7, 8;
    %load/vec4 v0x63fc492c6560_0;
    %flag_set/vec4 9;
    %jmp/0 T_8.9, 9;
    %pushi/vec4 11, 0, 32;
    %jmp/1 T_8.10, 9;
T_8.9 ; End of true expr.
    %pushi/vec4 14, 0, 32;
    %jmp/0 T_8.10, 9;
 ; End of false expr.
    %blend;
T_8.10;
    %jmp/1 T_8.8, 8;
T_8.7 ; End of true expr.
    %pushi/vec4 5, 0, 32;
    %jmp/0 T_8.8, 8;
 ; End of false expr.
    %blend;
T_8.8;
    %pad/s 4;
    %assign/vec4 v0x63fc492b3b00_0, 0;
T_8.4 ;
    %load/vec4 v0x63fc492b3b00_0;
    %pad/u 32;
    %cmpi/e 5, 0, 32;
    %jmp/0xz  T_8.11, 4;
    %load/vec4 v0x63fc492c44a0_0;
    %flag_set/vec4 8;
    %jmp/0xz  T_8.13, 8;
    %pushi/vec4 6, 0, 4;
    %assign/vec4 v0x63fc492b3b00_0, 0;
    %pushi/vec4 1, 0, 1;
    %assign/vec4 v0x63fc492c58c0_0, 0;
    %jmp T_8.14;
T_8.13 ;
    %pushi/vec4 7, 0, 4;
    %assign/vec4 v0x63fc492b3b00_0, 0;
T_8.14 ;
T_8.11 ;
    %load/vec4 v0x63fc492b3b00_0;
    %pad/u 32;
    %cmpi/e 6, 0, 32;
    %flag_get/vec4 4;
    %jmp/0 T_8.17, 4;
    %load/vec4 v0x63fc492c58c0_0;
    %and;
T_8.17;
    %flag_set/vec4 8;
    %jmp/0xz  T_8.15, 8;
    %pushi/vec4 0, 0, 1;
    %assign/vec4 v0x63fc492c58c0_0, 0;
T_8.15 ;
    %load/vec4 v0x63fc492b3b00_0;
    %pad/u 32;
    %cmpi/e 6, 0, 32;
    %flag_get/vec4 4;
    %jmp/0 T_8.20, 4;
    %load/vec4 v0x63fc492c5800_0;
    %and;
T_8.20;
    %flag_set/vec4 8;
    %jmp/0xz  T_8.18, 8;
    %pushi/vec4 7, 0, 4;
    %assign/vec4 v0x63fc492b3b00_0, 0;
T_8.18 ;
    %load/vec4 v0x63fc492b3b00_0;
    %pad/u 32;
    %cmpi/e 7, 0, 32;
    %jmp/0xz  T_8.21, 4;
    %pushi/vec4 1, 0, 1;
    %assign/vec4 v0x63fc492c5e80_0, 0;
    %pushi/vec4 9, 0, 4;
    %assign/vec4 v0x63fc492b3b00_0, 0;
    %pushi/vec4 0, 0, 1;
    %assign/vec4 v0x63fc492c5980_0, 0;
    %jmp T_8.22;
T_8.21 ;
    %load/vec4 v0x63fc492c4b60_0;
    %flag_set/vec4 9;
    %flag_get/vec4 9;
    %jmp/0 T_8.25, 9;
    %load/vec4 v0x63fc492c4d00_0;
    %pushi/vec4 7, 0, 3;
    %cmp/e;
    %flag_get/vec4 4;
    %and;
T_8.25;
    %flag_set/vec4 8;
    %jmp/0xz  T_8.23, 8;
    %pushi/vec4 1, 0, 1;
    %assign/vec4 v0x63fc492c5980_0, 0;
T_8.23 ;
T_8.22 ;
    %load/vec4 v0x63fc492b3b00_0;
    %pad/u 32;
    %cmpi/e 9, 0, 32;
    %jmp/0xz  T_8.26, 4;
    %pushi/vec4 0, 0, 1;
    %assign/vec4 v0x63fc492c5e80_0, 0;
    %pushi/vec4 10, 0, 4;
    %assign/vec4 v0x63fc492b3b00_0, 0;
T_8.26 ;
    %load/vec4 v0x63fc492b3b00_0;
    %pad/u 32;
    %cmpi/e 10, 0, 32;
    %flag_get/vec4 4;
    %jmp/0 T_8.30, 4;
    %load/vec4 v0x63fc492c5980_0;
    %and;
T_8.30;
    %flag_set/vec4 8;
    %jmp/0xz  T_8.28, 8;
    %pushi/vec4 12, 0, 4;
    %assign/vec4 v0x63fc492b3b00_0, 0;
T_8.28 ;
    %load/vec4 v0x63fc492b3b00_0;
    %pad/u 32;
    %cmpi/e 11, 0, 32;
    %jmp/0xz  T_8.31, 4;
    %pushi/vec4 14, 0, 4;
    %assign/vec4 v0x63fc492b3b00_0, 0;
    %load/vec4 v0x63fc492c4720_0;
    %load/vec4 v0x63fc492b37c0_0;
    %concati/vec4 0, 0, 3;
    %ix/vec4 4;
    %shiftl 4;
    %assign/vec4 v0x63fc492c5200_0, 0;
T_8.31 ;
    %load/vec4 v0x63fc492b3b00_0;
    %pad/u 32;
    %cmpi/e 12, 0, 32;
    %jmp/0xz  T_8.33, 4;
    %pushi/vec4 4, 0, 4;
    %assign/vec4 v0x63fc492b3b00_0, 0;
T_8.33 ;
    %load/vec4 v0x63fc492b3b00_0;
    %pad/u 32;
    %cmpi/e 14, 0, 32;
    %jmp/0xz  T_8.35, 4;
    %pushi/vec4 3, 0, 4;
    %assign/vec4 v0x63fc492b3b00_0, 0;
T_8.35 ;
    %jmp T_8;
    .thread T_8;
    .scope S_0x63fc492818f0;
T_9 ;
    %wait E_0x63fc492519f0;
    %pushi/vec4 0, 0, 1;
    %assign/vec4 v0x63fc492c4b60_0, 0;
    %load/vec4 v0x63fc492b3b00_0;
    %pad/u 32;
    %cmpi/e 7, 0, 32;
    %jmp/0xz  T_9.0, 4;
    %pushi/vec4 0, 0, 3;
    %assign/vec4 v0x63fc492c4d00_0, 0;
    %pushi/vec4 0, 0, 2;
    %assign/vec4 v0x63fc492c4a80_0, 0;
    %pushi/vec4 1, 0, 1;
    %assign/vec4 v0x63fc492c4de0_0, 0;
T_9.0 ;
    %load/vec4 v0x63fc492c4de0_0;
    %flag_set/vec4 9;
    %flag_get/vec4 9;
    %jmp/0 T_9.4, 9;
    %load/vec4 v0x63fc492c54a0_0;
    %and;
T_9.4;
    %flag_set/vec4 8;
    %jmp/0xz  T_9.2, 8;
    %load/vec4 v0x63fc492c4a80_0;
    %dup/vec4;
    %pushi/vec4 0, 0, 2;
    %cmp/u;
    %jmp/1 T_9.5, 6;
    %dup/vec4;
    %pushi/vec4 1, 0, 2;
    %cmp/u;
    %jmp/1 T_9.6, 6;
    %dup/vec4;
    %pushi/vec4 2, 0, 2;
    %cmp/u;
    %jmp/1 T_9.7, 6;
    %dup/vec4;
    %pushi/vec4 3, 0, 2;
    %cmp/u;
    %jmp/1 T_9.8, 6;
    %jmp T_9.9;
T_9.5 ;
    %load/vec4 v0x63fc492c53c0_0;
    %ix/load 4, 0, 0;
    %ix/load 5, 0, 0;
    %flag_set/imm 4, 0;
    %assign/vec4/off/d v0x63fc492c4c20_0, 4, 5;
    %jmp T_9.9;
T_9.6 ;
    %load/vec4 v0x63fc492c53c0_0;
    %ix/load 4, 8, 0;
    %ix/load 5, 0, 0;
    %flag_set/imm 4, 0;
    %assign/vec4/off/d v0x63fc492c4c20_0, 4, 5;
    %jmp T_9.9;
T_9.7 ;
    %load/vec4 v0x63fc492c53c0_0;
    %ix/load 4, 16, 0;
    %ix/load 5, 0, 0;
    %flag_set/imm 4, 0;
    %assign/vec4/off/d v0x63fc492c4c20_0, 4, 5;
    %jmp T_9.9;
T_9.8 ;
    %load/vec4 v0x63fc492c53c0_0;
    %ix/load 4, 24, 0;
    %ix/load 5, 0, 0;
    %flag_set/imm 4, 0;
    %assign/vec4/off/d v0x63fc492c4c20_0, 4, 5;
    %jmp T_9.9;
T_9.9 ;
    %pop/vec4 1;
    %load/vec4 v0x63fc492c4a80_0;
    %addi 1, 0, 2;
    %assign/vec4 v0x63fc492c4a80_0, 0;
    %load/vec4 v0x63fc492c4a80_0;
    %cmpi/e 3, 0, 2;
    %jmp/0xz  T_9.10, 4;
    %pushi/vec4 1, 0, 1;
    %assign/vec4 v0x63fc492c4b60_0, 0;
T_9.10 ;
T_9.2 ;
    %load/vec4 v0x63fc492c4b60_0;
    %flag_set/vec4 8;
    %jmp/0xz  T_9.12, 8;
    %load/vec4 v0x63fc492c4d00_0;
    %cmpi/e 7, 0, 3;
    %jmp/0xz  T_9.14, 4;
    %pushi/vec4 0, 0, 1;
    %assign/vec4 v0x63fc492c4de0_0, 0;
T_9.14 ;
    %load/vec4 v0x63fc492c4d00_0;
    %addi 1, 0, 3;
    %assign/vec4 v0x63fc492c4d00_0, 0;
T_9.12 ;
    %jmp T_9;
    .thread T_9;
    .scope S_0x63fc492818f0;
T_10 ;
    %wait E_0x63fc492519f0;
    %pushi/vec4 0, 0, 1;
    %assign/vec4 v0x63fc492c5800_0, 0;
    %load/vec4 v0x63fc492c7a10_0;
    %dup/vec4;
    %pushi/vec4 0, 0, 3;
    %cmp/u;
    %jmp/1 T_10.0, 6;
    %dup/vec4;
    %pushi/vec4 1, 0, 3;
    %cmp/u;
    %jmp/1 T_10.1, 6;
    %dup/vec4;
    %pushi/vec4 2, 0, 3;
    %cmp/u;
    %jmp/1 T_10.2, 6;
    %dup/vec4;
    %pushi/vec4 3, 0, 3;
    %cmp/u;
    %jmp/1 T_10.3, 6;
    %pushi/vec4 0, 0, 3;
    %assign/vec4 v0x63fc492c7a10_0, 0;
    %jmp T_10.5;
T_10.0 ;
    %load/vec4 v0x63fc492c58c0_0;
    %flag_set/vec4 8;
    %jmp/0xz  T_10.6, 8;
    %pushi/vec4 0, 0, 3;
    %assign/vec4 v0x63fc492c7770_0, 0;
    %pushi/vec4 0, 0, 2;
    %assign/vec4 v0x63fc492c74f0_0, 0;
    %pushi/vec4 1, 0, 3;
    %assign/vec4 v0x63fc492c7a10_0, 0;
T_10.6 ;
    %jmp T_10.5;
T_10.1 ;
    %pushi/vec4 1, 0, 3;
    %assign/vec4 v0x63fc492c7770_0, 0;
    %pushi/vec4 2, 0, 3;
    %assign/vec4 v0x63fc492c7a10_0, 0;
    %jmp T_10.5;
T_10.2 ;
    %load/vec4 v0x63fc492c4720_0;
    %assign/vec4 v0x63fc492c7690_0, 0;
    %pushi/vec4 3, 0, 3;
    %assign/vec4 v0x63fc492c7a10_0, 0;
    %jmp T_10.5;
T_10.3 ;
    %load/vec4 v0x63fc492b38a0_0;
    %flag_set/vec4 8;
    %jmp/0xz  T_10.8, 8;
    %load/vec4 v0x63fc492c74f0_0;
    %cmpi/e 3, 0, 2;
    %jmp/0xz  T_10.10, 4;
    %pushi/vec4 0, 0, 2;
    %assign/vec4 v0x63fc492c74f0_0, 0;
    %load/vec4 v0x63fc492c7770_0;
    %cmpi/e 0, 0, 3;
    %jmp/0xz  T_10.12, 4;
    %pushi/vec4 1, 0, 1;
    %assign/vec4 v0x63fc492c5800_0, 0;
    %pushi/vec4 0, 0, 3;
    %assign/vec4 v0x63fc492c7a10_0, 0;
    %jmp T_10.13;
T_10.12 ;
    %load/vec4 v0x63fc492c4720_0;
    %assign/vec4 v0x63fc492c7690_0, 0;
    %load/vec4 v0x63fc492c7770_0;
    %addi 1, 0, 3;
    %assign/vec4 v0x63fc492c7770_0, 0;
T_10.13 ;
    %jmp T_10.11;
T_10.10 ;
    %pushi/vec4 0, 0, 8;
    %load/vec4 v0x63fc492c7690_0;
    %parti/s 24, 8, 5;
    %concat/vec4; draw_concat_vec4
    %assign/vec4 v0x63fc492c7690_0, 0;
    %load/vec4 v0x63fc492c74f0_0;
    %addi 1, 0, 2;
    %assign/vec4 v0x63fc492c74f0_0, 0;
T_10.11 ;
T_10.8 ;
    %jmp T_10.5;
T_10.5 ;
    %pop/vec4 1;
    %jmp T_10;
    .thread T_10;
# The file index is used to find the file name in the following table.
:file_names 3;
    "N/A";
    "<interactive>";
    "/home/Bobby/CACHE.v";
