#! /usr/bin/vvp
:ivl_version "12.0 (stable)";
:ivl_delay_selection "TYPICAL";
:vpi_time_precision - 12;
:vpi_module "/usr/lib/x86_64-linux-gnu/ivl/system.vpi";
:vpi_module "/usr/lib/x86_64-linux-gnu/ivl/vhdl_sys.vpi";
:vpi_module "/usr/lib/x86_64-linux-gnu/ivl/vhdl_textio.vpi";
:vpi_module "/usr/lib/x86_64-linux-gnu/ivl/v2005_math.vpi";
:vpi_module "/usr/lib/x86_64-linux-gnu/ivl/va_math.vpi";
S_0x5c135050b1a0 .scope module, "SPI_Engine" "SPI_Engine" 2 1;
 .timescale -9 -12;
    .port_info 0 /INPUT 1 "clk";
    .port_info 1 /INPUT 1 "start";
    .port_info 2 /INPUT 8 "tx_byte";
    .port_info 3 /INPUT 1 "cs_en";
    .port_info 4 /INPUT 1 "clk_on";
    .port_info 5 /INPUT 16 "clk_cnt";
    .port_info 6 /INPUT 1 "miso";
    .port_info 7 /OUTPUT 8 "rx_byte";
    .port_info 8 /OUTPUT 1 "busy";
    .port_info 9 /OUTPUT 1 "done";
    .port_info 10 /OUTPUT 1 "cs";
    .port_info 11 /OUTPUT 1 "sclk";
    .port_info 12 /OUTPUT 1 "mosi";
o0x761f28c9b288 .functor BUFZ 1, C4<z>; HiZ drive
L_0x5c135050f8b0 .functor BUFZ 1, o0x761f28c9b288, C4<0>, C4<0>, C4<0>;
v0x5c1350511120_0 .net *"_ivl_10", 31 0, L_0x5c1350548c50;  1 drivers
L_0x761f289b70a8 .functor BUFT 1, C4<000000000000000000000000000000>, C4<0>, C4<0>, C4<0>;
v0x5c1350510430_0 .net *"_ivl_13", 29 0, L_0x761f289b70a8;  1 drivers
L_0x761f289b70f0 .functor BUFT 1, C4<00000000000000000000000000000011>, C4<0>, C4<0>, C4<0>;
v0x5c13504ea8b0_0 .net/2u *"_ivl_14", 31 0, L_0x761f289b70f0;  1 drivers
v0x5c13504e9ff0_0 .net *"_ivl_2", 31 0, L_0x5c1350538950;  1 drivers
L_0x761f289b7018 .functor BUFT 1, C4<000000000000000000000000000000>, C4<0>, C4<0>, C4<0>;
v0x5c13504e99a0_0 .net *"_ivl_5", 29 0, L_0x761f289b7018;  1 drivers
L_0x761f289b7060 .functor BUFT 1, C4<00000000000000000000000000000000>, C4<0>, C4<0>, C4<0>;
v0x5c13504976b0_0 .net/2u *"_ivl_6", 31 0, L_0x761f289b7060;  1 drivers
v0x5c135050fdb0_0 .var "bit_cnt", 2 0;
v0x5c135052b530_0 .net "busy", 0 0, L_0x5c1350548ae0;  1 drivers
o0x761f28c9b198 .functor BUFZ 1, C4<z>; HiZ drive
v0x5c135052b5f0_0 .net "clk", 0 0, o0x761f28c9b198;  0 drivers
o0x761f28c9b1c8 .functor BUFZ 16, C4<zzzzzzzzzzzzzzzz>; HiZ drive
v0x5c135052b6b0_0 .net "clk_cnt", 15 0, o0x761f28c9b1c8;  0 drivers
v0x5c135052b790_0 .var "clk_div", 15 0;
o0x761f28c9b228 .functor BUFZ 1, C4<z>; HiZ drive
v0x5c135052b870_0 .net "clk_on", 0 0, o0x761f28c9b228;  0 drivers
v0x5c135052b930_0 .net "cs", 0 0, L_0x5c135050f8b0;  1 drivers
v0x5c135052b9f0_0 .net "cs_en", 0 0, o0x761f28c9b288;  0 drivers
v0x5c135052bab0_0 .net "done", 0 0, L_0x5c1350548d90;  1 drivers
o0x761f28c9b2e8 .functor BUFZ 1, C4<z>; HiZ drive
v0x5c135052bb70_0 .net "miso", 0 0, o0x761f28c9b2e8;  0 drivers
v0x5c135052bc30_0 .var "mosi", 0 0;
v0x5c135052be00_0 .var "rx_byte", 7 0;
v0x5c135052bee0_0 .var "sclk", 0 0;
v0x5c135052bfa0_0 .var "sclk_fall", 0 0;
v0x5c135052c060_0 .var "sclk_rise", 0 0;
o0x761f28c9b408 .functor BUFZ 1, C4<z>; HiZ drive
v0x5c135052c120_0 .net "start", 0 0, o0x761f28c9b408;  0 drivers
o0x761f28c9b438 .functor BUFZ 8, C4<zzzzzzzz>; HiZ drive
v0x5c135052c1e0_0 .net "tx_byte", 7 0, o0x761f28c9b438;  0 drivers
v0x5c135052c2c0_0 .var "tx_byte_reg", 7 0;
v0x5c135052c3a0_0 .var "txfer_state", 1 0;
E_0x5c1350493dd0 .event posedge, v0x5c135052b5f0_0;
L_0x5c1350538950 .concat [ 2 30 0 0], v0x5c135052c3a0_0, L_0x761f289b7018;
L_0x5c1350548ae0 .cmp/ne 32, L_0x5c1350538950, L_0x761f289b7060;
L_0x5c1350548c50 .concat [ 2 30 0 0], v0x5c135052c3a0_0, L_0x761f289b70a8;
L_0x5c1350548d90 .cmp/eq 32, L_0x5c1350548c50, L_0x761f289b70f0;
S_0x5c135050ae50 .scope module, "top" "top" 3 1;
 .timescale -9 -12;
    .port_info 0 /INPUT 1 "clk";
    .port_info 1 /INPUT 1 "rst_n";
RS_0x761f28c9cf38 .resolv tri, L_0x5c13505492f0, L_0x5c135054a440;
L_0x5c135054a800 .functor BUFZ 4, RS_0x761f28c9cf38, C4<0000>, C4<0000>, C4<0000>;
v0x5c1350536980_0 .net "CONT_ENG", 7 0, v0x5c135052d110_0;  1 drivers
v0x5c1350536a40_0 .net "ENG_CONT", 7 0, v0x5c135052fd30_0;  1 drivers
v0x5c1350536b50_0 .net *"_ivl_11", 0 0, L_0x5c1350549fa0;  1 drivers
o0x761f28c9d178 .functor BUFZ 1, C4<z>; HiZ drive
; Elide local net with no drivers, v0x5c1350536c10_0 name=_ivl_12
v0x5c1350536cf0_0 .net *"_ivl_14", 0 0, L_0x5c135054a040;  1 drivers
v0x5c1350536e20_0 .net *"_ivl_19", 0 0, L_0x5c135054a200;  1 drivers
o0x761f28c9d208 .functor BUFZ 1, C4<z>; HiZ drive
; Elide local net with no drivers, v0x5c1350536f00_0 name=_ivl_20
v0x5c1350536fe0_0 .net *"_ivl_22", 0 0, L_0x5c135054a330;  1 drivers
v0x5c13505370c0_0 .net *"_ivl_28", 0 0, L_0x5c135054a5d0;  1 drivers
o0x761f28c9d298 .functor BUFZ 1, C4<z>; HiZ drive
; Elide local net with no drivers, v0x5c13505371a0_0 name=_ivl_29
v0x5c1350537280_0 .net *"_ivl_3", 0 0, L_0x5c1350549dc0;  1 drivers
v0x5c1350537360_0 .net *"_ivl_31", 0 0, L_0x5c135054a6c0;  1 drivers
o0x761f28c9d328 .functor BUFZ 1, C4<z>; HiZ drive
; Elide local net with no drivers, v0x5c1350537440_0 name=_ivl_4
v0x5c1350537520_0 .net *"_ivl_6", 0 0, L_0x5c1350549eb0;  1 drivers
o0x761f28c9b9a8 .functor BUFZ 24, C4<zzzzzzzzzzzzzzzzzzzzzzzz>; HiZ drive
v0x5c1350537600_0 .net "address", 23 0, o0x761f28c9b9a8;  0 drivers
v0x5c13505376c0_0 .net "busy", 0 0, v0x5c135052dd60_0;  1 drivers
v0x5c1350537760_0 .net "byte_received", 0 0, v0x5c135052df00_0;  1 drivers
o0x761f28c9ba68 .functor BUFZ 6, C4<zzzzzz>; HiZ drive
v0x5c1350537830_0 .net "cache_word_length", 5 0, o0x761f28c9ba68;  0 drivers
o0x761f28c9ba98 .functor BUFZ 1, C4<z>; HiZ drive
v0x5c1350537900_0 .net "clk", 0 0, o0x761f28c9ba98;  0 drivers
v0x5c13505379a0_0 .net "clk_en", 0 0, v0x5c135052e270_0;  1 drivers
o0x761f28c9bb58 .functor BUFZ 8, C4<zzzzzzzz>; HiZ drive
v0x5c1350537a90_0 .net "command", 7 0, o0x761f28c9bb58;  0 drivers
v0x5c1350537b30_0 .net "cs", 0 0, L_0x5c13504c5540;  1 drivers
v0x5c1350537c20_0 .net "cs_en", 0 0, v0x5c135052e5d0_0;  1 drivers
v0x5c1350537d10_0 .net "done", 0 0, L_0x5c1350549d50;  1 drivers
v0x5c1350537e00_0 .net "dq_in", 3 0, L_0x5c135054a800;  1 drivers
v0x5c1350537ea0_0 .net "dq_out", 3 0, v0x5c135052fea0_0;  1 drivers
o0x761f28c9bbe8 .functor BUFZ 8, C4<zzzzzzzz>; HiZ drive
v0x5c1350537f40_0 .net "in_byte", 7 0, o0x761f28c9bbe8;  0 drivers
v0x5c1350537fe0_0 .net "op_en", 0 0, v0x5c135052ed30_0;  1 drivers
v0x5c13505380d0_0 .net "out_byte", 7 0, v0x5c135052edf0_0;  1 drivers
v0x5c1350538170_0 .net "out_byte_ready", 0 0, v0x5c135052eed0_0;  1 drivers
v0x5c1350538210_0 .net8 "qspi_dq", 3 0, RS_0x761f28c9cf38;  2 drivers
o0x761f28c9bdc8 .functor BUFZ 1, C4<z>; HiZ drive
v0x5c13505382e0_0 .net "rst_n", 0 0, o0x761f28c9bdc8;  0 drivers
v0x5c13505383d0_0 .net "sclk", 0 0, L_0x5c1350549ce0;  1 drivers
v0x5c13505386d0_0 .net "sq_mode", 0 0, v0x5c135052f130_0;  1 drivers
v0x5c13505387c0_0 .net "start", 0 0, v0x5c135052f1f0_0;  1 drivers
o0x761f28c9be88 .functor BUFZ 1, C4<z>; HiZ drive
v0x5c13505388b0_0 .net "start_fsm", 0 0, o0x761f28c9be88;  0 drivers
L_0x5c1350549dc0 .part v0x5c135052fea0_0, 0, 1;
L_0x5c1350549eb0 .functor MUXZ 1, o0x761f28c9d328, L_0x5c1350549dc0, v0x5c135052ed30_0, C4<>;
L_0x5c1350549fa0 .part v0x5c135052fea0_0, 1, 1;
L_0x5c135054a040 .functor MUXZ 1, o0x761f28c9d178, L_0x5c1350549fa0, v0x5c135052ed30_0, C4<>;
L_0x5c135054a200 .part v0x5c135052fea0_0, 2, 1;
L_0x5c135054a330 .functor MUXZ 1, o0x761f28c9d208, L_0x5c135054a200, v0x5c135052ed30_0, C4<>;
L_0x5c135054a440 .concat8 [ 1 1 1 1], L_0x5c1350549eb0, L_0x5c135054a040, L_0x5c135054a330, L_0x5c135054a6c0;
L_0x5c135054a5d0 .part v0x5c135052fea0_0, 3, 1;
L_0x5c135054a6c0 .functor MUXZ 1, o0x761f28c9d298, L_0x5c135054a5d0, v0x5c135052ed30_0, C4<>;
S_0x5c135052c620 .scope module, "QCONT1" "QSPI_CONTROLLER" 3 5, 3 27 0, S_0x5c135050ae50;
 .timescale -9 -12;
    .port_info 0 /INPUT 1 "clk";
    .port_info 1 /INPUT 1 "rst_n";
    .port_info 2 /INPUT 1 "start_fsm";
    .port_info 3 /INPUT 8 "command";
    .port_info 4 /INPUT 24 "address";
    .port_info 5 /INPUT 6 "cache_word_length";
    .port_info 6 /INPUT 8 "in_byte";
    .port_info 7 /OUTPUT 1 "byte_received";
    .port_info 8 /OUTPUT 8 "out_byte";
    .port_info 9 /OUTPUT 1 "out_byte_ready";
    .port_info 10 /OUTPUT 1 "busy";
    .port_info 11 /OUTPUT 8 "CONT_ENG";
    .port_info 12 /INPUT 8 "ENG_CONT";
    .port_info 13 /OUTPUT 1 "start";
    .port_info 14 /INPUT 1 "done";
    .port_info 15 /OUTPUT 1 "op_en";
    .port_info 16 /OUTPUT 1 "sq_mode";
    .port_info 17 /OUTPUT 1 "cs_en";
    .port_info 18 /OUTPUT 1 "clk_en";
P_0x5c13504e4280 .param/l "ADDR_BYTES" 1 3 70, C4<011>;
P_0x5c13504e42c0 .param/l "ASSERT_CS" 1 3 57, C4<0010>;
P_0x5c13504e4300 .param/l "CS_GAP" 1 3 72, C4<0111>;
P_0x5c13504e4340 .param/l "DEASSERT_CS" 1 3 63, C4<1000>;
P_0x5c13504e4380 .param/l "DUMMY_BYTES" 1 3 71, C4<011>;
P_0x5c13504e43c0 .param/l "DUMMY_CYCLES" 1 3 60, C4<0101>;
P_0x5c13504e4400 .param/l "IDLE" 1 3 56, C4<0001>;
P_0x5c13504e4440 .param/l "PWRUP_CYCLES" 1 3 68, C4<11001011001000>;
P_0x5c13504e4480 .param/l "Q" 1 3 65, C4<1>;
P_0x5c13504e44c0 .param/l "READ_DATA" 1 3 62, C4<0111>;
P_0x5c13504e4500 .param/l "S" 1 3 65, C4<0>;
P_0x5c13504e4540 .param/l "SEND_ADDRESS" 1 3 59, C4<0100>;
P_0x5c13504e4580 .param/l "SEND_COMMAND" 1 3 58, C4<0011>;
P_0x5c13504e45c0 .param/l "STARTUP" 1 3 55, C4<0000>;
P_0x5c13504e4600 .param/l "WRITE_DATA" 1 3 61, C4<0110>;
v0x5c135052d110_0 .var "CONT_ENG", 7 0;
v0x5c135052d210_0 .net "ENG_CONT", 7 0, v0x5c135052fd30_0;  alias, 1 drivers
L_0x761f289b7138 .functor BUFT 1, C4<00>, C4<0>, C4<0>, C4<0>;
v0x5c135052d2f0_0 .net/2u *"_ivl_0", 1 0, L_0x761f289b7138;  1 drivers
L_0x761f289b7210 .functor BUFT 1, C4<10011001>, C4<0>, C4<0>, C4<0>;
v0x5c135052d3b0_0 .net/2u *"_ivl_10", 7 0, L_0x761f289b7210;  1 drivers
L_0x761f289b7258 .functor BUFT 1, C4<00110101>, C4<0>, C4<0>, C4<0>;
v0x5c135052d490_0 .net/2u *"_ivl_12", 7 0, L_0x761f289b7258;  1 drivers
v0x5c135052d5c0_0 .net *"_ivl_14", 7 0, L_0x5c1350549740;  1 drivers
L_0x761f289b72a0 .functor BUFT 1, C4<11101011>, C4<0>, C4<0>, C4<0>;
v0x5c135052d6a0_0 .net/2u *"_ivl_18", 7 0, L_0x761f289b72a0;  1 drivers
v0x5c135052d780_0 .net *"_ivl_2", 0 0, L_0x5c13505494b0;  1 drivers
L_0x761f289b72e8 .functor BUFT 1, C4<00111000>, C4<0>, C4<0>, C4<0>;
v0x5c135052d840_0 .net/2u *"_ivl_22", 7 0, L_0x761f289b72e8;  1 drivers
L_0x761f289b7180 .functor BUFT 1, C4<01100110>, C4<0>, C4<0>, C4<0>;
v0x5c135052d920_0 .net/2u *"_ivl_4", 7 0, L_0x761f289b7180;  1 drivers
L_0x761f289b71c8 .functor BUFT 1, C4<01>, C4<0>, C4<0>, C4<0>;
v0x5c135052da00_0 .net/2u *"_ivl_6", 1 0, L_0x761f289b71c8;  1 drivers
v0x5c135052dae0_0 .net *"_ivl_8", 0 0, L_0x5c13505495d0;  1 drivers
v0x5c135052dba0_0 .var "addr_reg", 23 0;
v0x5c135052dc80_0 .net "address", 23 0, o0x761f28c9b9a8;  alias, 0 drivers
v0x5c135052dd60_0 .var "busy", 0 0;
v0x5c135052de20_0 .var "byte_cnt", 5 0;
v0x5c135052df00_0 .var "byte_received", 0 0;
v0x5c135052e0d0_0 .net "cache_word_length", 5 0, o0x761f28c9ba68;  alias, 0 drivers
v0x5c135052e1b0_0 .net "clk", 0 0, o0x761f28c9ba98;  alias, 0 drivers
v0x5c135052e270_0 .var "clk_en", 0 0;
v0x5c135052e330_0 .var "cmd_reg", 7 0;
v0x5c135052e410_0 .var "cnt", 13 0;
v0x5c135052e4f0_0 .net "command", 7 0, o0x761f28c9bb58;  alias, 0 drivers
v0x5c135052e5d0_0 .var "cs_en", 0 0;
v0x5c135052e690_0 .net "done", 0 0, L_0x5c1350549d50;  alias, 1 drivers
v0x5c135052e750_0 .net "in_byte", 7 0, o0x761f28c9bbe8;  alias, 0 drivers
v0x5c135052e830_0 .net "init_cmd", 7 0, L_0x5c13505498b0;  1 drivers
v0x5c135052e910_0 .var "init_idx", 1 0;
v0x5c135052e9f0_0 .var "intra_state", 3 0;
v0x5c135052ead0_0 .net "is_read", 0 0, L_0x5c1350549a70;  1 drivers
v0x5c135052eb90_0 .net "is_write", 0 0, L_0x5c1350549b60;  1 drivers
v0x5c135052ec50_0 .var "len_reg", 5 0;
v0x5c135052ed30_0 .var "op_en", 0 0;
v0x5c135052edf0_0 .var "out_byte", 7 0;
v0x5c135052eed0_0 .var "out_byte_ready", 0 0;
v0x5c135052ef90_0 .net "rst_n", 0 0, o0x761f28c9bdc8;  alias, 0 drivers
v0x5c135052f050_0 .var "sh", 23 0;
v0x5c135052f130_0 .var "sq_mode", 0 0;
v0x5c135052f1f0_0 .var "start", 0 0;
v0x5c135052f2b0_0 .net "start_fsm", 0 0, o0x761f28c9be88;  alias, 0 drivers
v0x5c135052f370_0 .var "state", 3 0;
v0x5c135052f450_0 .var "wait_cnt", 3 0;
E_0x5c1350499720 .event posedge, v0x5c135052e1b0_0;
L_0x5c13505494b0 .cmp/eq 2, v0x5c135052e910_0, L_0x761f289b7138;
L_0x5c13505495d0 .cmp/eq 2, v0x5c135052e910_0, L_0x761f289b71c8;
L_0x5c1350549740 .functor MUXZ 8, L_0x761f289b7258, L_0x761f289b7210, L_0x5c13505495d0, C4<>;
L_0x5c13505498b0 .functor MUXZ 8, L_0x5c1350549740, L_0x761f289b7180, L_0x5c13505494b0, C4<>;
L_0x5c1350549a70 .cmp/eq 8, v0x5c135052e330_0, L_0x761f289b72a0;
L_0x5c1350549b60 .cmp/eq 8, v0x5c135052e330_0, L_0x761f289b72e8;
S_0x5c135052f830 .scope module, "QSPI1" "QSPI_ENGINE" 3 7, 3 336 0, S_0x5c135050ae50;
 .timescale -9 -12;
    .port_info 0 /INPUT 1 "clk";
    .port_info 1 /INPUT 1 "rst_n";
    .port_info 2 /OUTPUT 1 "sclk";
    .port_info 3 /OUTPUT 1 "cs";
    .port_info 4 /INPUT 4 "SI";
    .port_info 5 /OUTPUT 4 "SO";
    .port_info 6 /OUTPUT 8 "ENG_CONT";
    .port_info 7 /INPUT 8 "CONT_ENG";
    .port_info 8 /INPUT 1 "start";
    .port_info 9 /OUTPUT 1 "done";
    .port_info 10 /INPUT 1 "sq_mode";
    .port_info 11 /INPUT 1 "op_en";
    .port_info 12 /INPUT 1 "cs_en";
    .port_info 13 /INPUT 1 "clk_en";
P_0x5c13504e1090 .param/l "BIT_TXFER" 1 3 351, +C4<00000000000000000000000000000010>;
P_0x5c13504e10d0 .param/l "IDLE" 1 3 351, +C4<00000000000000000000000000000000>;
P_0x5c13504e1110 .param/l "NIB_TXFER" 1 3 351, +C4<00000000000000000000000000000001>;
P_0x5c13504e1150 .param/l "Q" 1 3 352, C4<1>;
P_0x5c13504e1190 .param/l "S" 1 3 352, C4<0>;
L_0x5c13504c5540 .functor BUFZ 1, v0x5c135052e5d0_0, C4<0>, C4<0>, C4<0>;
L_0x5c1350549ce0 .functor BUFZ 1, v0x5c1350530720_0, C4<0>, C4<0>, C4<0>;
L_0x5c1350549d50 .functor BUFZ 1, v0x5c1350530440_0, C4<0>, C4<0>, C4<0>;
v0x5c135052ce80_0 .net "CONT_ENG", 7 0, v0x5c135052d110_0;  alias, 1 drivers
v0x5c135052fd30_0 .var "ENG_CONT", 7 0;
v0x5c135052fdd0_0 .net "SI", 3 0, L_0x5c135054a800;  alias, 1 drivers
v0x5c135052fea0_0 .var "SO", 3 0;
v0x5c135052ff80_0 .net "clk", 0 0, o0x761f28c9ba98;  alias, 0 drivers
v0x5c1350530070_0 .net "clk_en", 0 0, v0x5c135052e270_0;  alias, 1 drivers
v0x5c1350530140_0 .var "cnt", 3 0;
v0x5c13505301e0_0 .net "cs", 0 0, L_0x5c13504c5540;  alias, 1 drivers
v0x5c13505302a0_0 .net "cs_en", 0 0, v0x5c135052e5d0_0;  alias, 1 drivers
v0x5c1350530370_0 .net "done", 0 0, L_0x5c1350549d50;  alias, 1 drivers
v0x5c1350530440_0 .var "done_r", 0 0;
v0x5c13505304e0_0 .net "op_en", 0 0, v0x5c135052ed30_0;  alias, 1 drivers
v0x5c13505305b0_0 .net "rst_n", 0 0, o0x761f28c9bdc8;  alias, 0 drivers
v0x5c1350530680_0 .net "sclk", 0 0, L_0x5c1350549ce0;  alias, 1 drivers
v0x5c1350530720_0 .var "sclk_r", 0 0;
v0x5c13505307c0_0 .var "shreg", 7 0;
v0x5c1350530880_0 .net "sq_mode", 0 0, v0x5c135052f130_0;  alias, 1 drivers
v0x5c1350530950_0 .net "start", 0 0, v0x5c135052f1f0_0;  alias, 1 drivers
v0x5c1350530a20_0 .var "start_d", 0 0;
v0x5c1350530ac0_0 .var "txfer_state", 1 0;
S_0x5c1350530d40 .scope module, "ram1" "aps6404l" 3 3, 4 37 0, S_0x5c135050ae50;
 .timescale -9 -12;
    .port_info 0 /INPUT 1 "sclk";
    .port_info 1 /INPUT 1 "cs_n";
    .port_info 2 /INOUT 4 "sio";
P_0x5c1350530f00 .param/l "ALLOW_144" 0 4 53, +C4<00000000000000000000000000000000>;
P_0x5c1350530f40 .param/l "CHECK_TIMING" 0 4 54, +C4<00000000000000000000000000000001>;
P_0x5c1350530f80 .param/l "CMD_BURST_LEN" 1 4 111, C4<11000000>;
P_0x5c1350530fc0 .param/l "CMD_ENTER_QPI" 1 4 107, C4<00110101>;
P_0x5c1350531000 .param/l "CMD_EXIT_QPI" 1 4 108, C4<11110101>;
P_0x5c1350531040 .param/l "CMD_FAST_READ" 1 4 103, C4<00001011>;
P_0x5c1350531080 .param/l "CMD_READ" 1 4 102, C4<00000011>;
P_0x5c13505310c0 .param/l "CMD_READ_ID" 1 4 112, C4<10011111>;
P_0x5c1350531100 .param/l "CMD_READ_QUAD" 1 4 104, C4<11101011>;
P_0x5c1350531140 .param/l "CMD_RESET" 1 4 110, C4<10011001>;
P_0x5c1350531180 .param/l "CMD_RST_EN" 1 4 109, C4<01100110>;
P_0x5c13505311c0 .param/l "CMD_WRITE" 1 4 105, C4<00000010>;
P_0x5c1350531200 .param/l "CMD_WRITE_QUAD" 1 4 106, C4<00111000>;
P_0x5c1350531240 .param/l "DEBUG" 0 4 51, +C4<00000000000000000000000000000001>;
P_0x5c1350531280 .param/l "INIT_MODE" 0 4 45, +C4<00000000000000000000000000000000>;
P_0x5c13505312c0 .param/l "INIT_SEED" 0 4 46, +C4<11011110101011011011111011101111>;
P_0x5c1350531300 .param/l "MEM_ADDR_BITS" 0 4 40, +C4<00000000000000000000000000010000>;
P_0x5c1350531340 .param/l "MEM_SIZE" 1 4 72, +C4<00000000000000010000000000000000>;
P_0x5c1350531380 .param/l "S_ADDR" 1 4 116, C4<010>;
P_0x5c13505313c0 .param/l "S_CMD" 1 4 115, C4<001>;
P_0x5c1350531400 .param/l "S_DONE" 1 4 120, C4<110>;
P_0x5c1350531440 .param/l "S_DUMMY" 1 4 117, C4<011>;
P_0x5c1350531480 .param/l "S_IDLE" 1 4 114, C4<000>;
P_0x5c13505314c0 .param/l "S_READ" 1 4 119, C4<101>;
P_0x5c1350531500 .param/l "S_WRITE" 1 4 118, C4<100>;
P_0x5c1350531540 .param/real "T_CEM_MAX" 0 4 56, Cr<m7d00000000000000gfce>; value=8000.00
P_0x5c1350531580 .param/real "T_CK_MIN" 0 4 58, Cr<m7800000000000000gfc4>; value=7.50000
P_0x5c13505315c0 .param/real "T_CK_MIN_SLOW" 0 4 59, Cr<m7933333333333400gfc6>; value=30.3000
P_0x5c1350531600 .param/real "T_CO" 0 4 48, Cr<m4000000000000000gfc3>; value=2.00000
P_0x5c1350531640 .param/real "T_CPH_MIN" 0 4 57, Cr<m4800000000000000gfc6>; value=18.0000
P_0x5c1350531680 .param/real "T_DIS" 0 4 49, Cr<m4000000000000000gfc3>; value=2.00000
P_0x5c13505316c0 .param/l "WARN_ON_WRAP" 0 4 52, +C4<00000000000000000000000000000001>;
P_0x5c1350531700 .param/l "WRAP_LONG" 0 4 61, +C4<00000000000000000000010000000000>;
P_0x5c1350531740 .param/l "WRAP_SHORT" 0 4 62, +C4<00000000000000000000000000100000>;
o0x761f28c9c968 .functor BUFZ 2, C4<zz>; HiZ drive
; Elide local net with no drivers, v0x5c1350534230_0 name=_ivl_0
o0x761f28c9c998 .functor BUFZ 4, C4<zzzz>; HiZ drive
; Elide local net with no drivers, v0x5c1350534330_0 name=_ivl_10
v0x5c1350534410_0 .net *"_ivl_3", 0 0, L_0x5c1350548f30;  1 drivers
o0x761f28c9c9f8 .functor BUFZ 1, C4<z>; HiZ drive
; Elide local net with no drivers, v0x5c1350534500_0 name=_ivl_4
v0x5c13505345e0_0 .net *"_ivl_6", 3 0, L_0x5c1350548fd0;  1 drivers
v0x5c1350534710_0 .net *"_ivl_8", 3 0, L_0x5c1350549150;  1 drivers
v0x5c13505347f0_0 .var "addr", 23 0;
v0x5c13505348d0_0 .var "addr_quad", 0 0;
v0x5c1350534990_0 .var "clk_cnt", 7 0;
v0x5c1350534a70_0 .var "cmd", 7 0;
v0x5c1350534b50_0 .var "cname", 128 1;
v0x5c1350534c30_0 .net "cs_n", 0 0, L_0x5c13504c5540;  alias, 1 drivers
v0x5c1350534cd0_0 .var "data_quad", 0 0;
v0x5c1350534d70_0 .var "dout_nib", 3 0;
v0x5c1350534e50_0 .var "dout_oe", 0 0;
v0x5c1350534f10_0 .var "dout_quad", 0 0;
v0x5c1350534fd0_0 .var "dummy_clks", 7 0;
v0x5c13505351c0_0 .var/i "i", 31 0;
v0x5c13505352a0_0 .var "id_idx", 2 0;
v0x5c1350535380 .array "id_rom", 7 0, 7 0;
v0x5c1350535440_0 .var "in_byte", 7 0;
v0x5c1350535520_0 .var "in_pos", 3 0;
v0x5c1350535600_0 .var "is_id", 0 0;
v0x5c13505356c0_0 .var "is_read", 0 0;
v0x5c1350535780_0 .var "is_write", 0 0;
v0x5c1350535840 .array "mem", 65535 0, 7 0;
v0x5c1350535900_0 .var "nbytes", 31 0;
v0x5c13505359e0_0 .var "nib", 3 0;
v0x5c1350535ac0_0 .var "out_byte", 7 0;
v0x5c1350535ba0_0 .var "out_pos", 3 0;
v0x5c1350535c80_0 .var "qpi", 0 0;
v0x5c1350535d40_0 .var "rst_en", 0 0;
v0x5c1350535e00_0 .net "sclk", 0 0, L_0x5c1350549ce0;  alias, 1 drivers
v0x5c13505360e0_0 .var/i "seed", 31 0;
v0x5c13505361a0_0 .var "shift", 31 0;
v0x5c1350536280_0 .net8 "sio", 3 0, RS_0x761f28c9cf38;  alias, 2 drivers
v0x5c1350536360_0 .var "start_addr", 23 0;
v0x5c1350536440_0 .var "state", 2 0;
v0x5c1350536520_0 .var/real "t_clk_prev", 0 0;
v0x5c13505365e0_0 .var/real "t_cs_fall", 0 0;
v0x5c13505366a0_0 .var/real "t_cs_rise", 0 0;
v0x5c1350536760_0 .var "warned_clk", 0 0;
v0x5c1350536820_0 .var "wrap_len", 11 0;
E_0x5c135049a170 .event negedge, v0x5c1350530680_0;
E_0x5c1350440270 .event posedge, v0x5c1350530680_0;
E_0x5c135050f980 .event posedge, v0x5c13505301e0_0;
E_0x5c1350532720 .event negedge, v0x5c13505301e0_0;
L_0x5c1350548f30 .part v0x5c1350534d70_0, 1, 1;
L_0x5c1350548fd0 .concat [ 1 1 2 0], o0x761f28c9c9f8, L_0x5c1350548f30, o0x761f28c9c968;
L_0x5c1350549150 .functor MUXZ 4, L_0x5c1350548fd0, v0x5c1350534d70_0, v0x5c1350534f10_0, C4<>;
L_0x5c13505492f0 .functor MUXZ 4, o0x761f28c9c998, L_0x5c1350549150, v0x5c1350534e50_0, C4<>;
S_0x5c13505327b0 .scope task, "bad_cmd" "bad_cmd" 4 458, 4 458 0, S_0x5c1350530d40;
 .timescale -9 -12;
TD_top.ram1.bad_cmd ;
    %load/vec4 v0x5c1350535c80_0;
    %flag_set/vec4 8;
    %jmp/0 T_0.0, 8;
    %pushi/vec4 5328969, 0, 24; draw_string_vec4
    %jmp/1 T_0.1, 8;
T_0.0 ; End of true expr.
    %pushi/vec4 5460041, 0, 24; draw_string_vec4
    %jmp/0 T_0.1, 8;
 ; End of false expr.
    %blend;
T_0.1;
    %vpi_call 4 460 "$display", "[%0.1f ns] %m: WARNING command %02h is not valid in %0s mode", $realtime, v0x5c1350534a70_0, S<0,vec4,u24> {1 0 0};
    %pushi/vec4 6, 0, 3;
    %store/vec4 v0x5c1350536440_0, 0, 3;
    %end;
S_0x5c1350532990 .scope task, "decode" "decode" 4 354, 4 354 0, S_0x5c1350530d40;
 .timescale -9 -12;
TD_top.ram1.decode ;
    %pushi/vec4 0, 0, 1;
    %store/vec4 v0x5c13505348d0_0, 0, 1;
    %pushi/vec4 0, 0, 1;
    %store/vec4 v0x5c1350534cd0_0, 0, 1;
    %pushi/vec4 0, 0, 8;
    %store/vec4 v0x5c1350534fd0_0, 0, 8;
    %pushi/vec4 0, 0, 1;
    %store/vec4 v0x5c13505356c0_0, 0, 1;
    %pushi/vec4 0, 0, 1;
    %store/vec4 v0x5c1350535780_0, 0, 1;
    %pushi/vec4 0, 0, 1;
    %store/vec4 v0x5c1350535600_0, 0, 1;
    %pushi/vec4 0, 0, 32; draw_string_vec4
    %pushi/vec4 0, 0, 32; draw_string_vec4
    %concat/vec4; draw_string_vec4
    %pushi/vec4 0, 0, 32; draw_string_vec4
    %concat/vec4; draw_string_vec4
    %pushi/vec4 63, 0, 32; draw_string_vec4
    %concat/vec4; draw_string_vec4
    %store/vec4 v0x5c1350534b50_0, 0, 128;
    %load/vec4 v0x5c1350534a70_0;
    %dup/vec4;
    %pushi/vec4 3, 0, 8;
    %cmp/u;
    %jmp/1 T_1.2, 6;
    %dup/vec4;
    %pushi/vec4 11, 0, 8;
    %cmp/u;
    %jmp/1 T_1.3, 6;
    %dup/vec4;
    %pushi/vec4 235, 0, 8;
    %cmp/u;
    %jmp/1 T_1.4, 6;
    %dup/vec4;
    %pushi/vec4 2, 0, 8;
    %cmp/u;
    %jmp/1 T_1.5, 6;
    %dup/vec4;
    %pushi/vec4 56, 0, 8;
    %cmp/u;
    %jmp/1 T_1.6, 6;
    %dup/vec4;
    %pushi/vec4 159, 0, 8;
    %cmp/u;
    %jmp/1 T_1.7, 6;
    %dup/vec4;
    %pushi/vec4 53, 0, 8;
    %cmp/u;
    %jmp/1 T_1.8, 6;
    %dup/vec4;
    %pushi/vec4 245, 0, 8;
    %cmp/u;
    %jmp/1 T_1.9, 6;
    %dup/vec4;
    %pushi/vec4 102, 0, 8;
    %cmp/u;
    %jmp/1 T_1.10, 6;
    %dup/vec4;
    %pushi/vec4 153, 0, 8;
    %cmp/u;
    %jmp/1 T_1.11, 6;
    %dup/vec4;
    %pushi/vec4 192, 0, 8;
    %cmp/u;
    %jmp/1 T_1.12, 6;
    %load/vec4 v0x5c1350535c80_0;
    %flag_set/vec4 8;
    %jmp/0 T_1.15, 8;
    %pushi/vec4 5328969, 0, 24; draw_string_vec4
    %jmp/1 T_1.16, 8;
T_1.15 ; End of true expr.
    %pushi/vec4 5460041, 0, 24; draw_string_vec4
    %jmp/0 T_1.16, 8;
 ; End of false expr.
    %blend;
T_1.16;
    %vpi_call 4 448 "$display", "[%0.1f ns] %m: WARNING unsupported command %02h in %0s mode", $realtime, v0x5c1350534a70_0, S<0,vec4,u24> {1 0 0};
    %pushi/vec4 6, 0, 3;
    %store/vec4 v0x5c1350536440_0, 0, 3;
    %jmp T_1.14;
T_1.2 ;
    %pushi/vec4 0, 0, 32; draw_string_vec4
    %pushi/vec4 82, 0, 32; draw_string_vec4
    %concat/vec4; draw_string_vec4
    %pushi/vec4 1161905192, 0, 32; draw_string_vec4
    %concat/vec4; draw_string_vec4
    %pushi/vec4 808675369, 0, 32; draw_string_vec4
    %concat/vec4; draw_string_vec4
    %store/vec4 v0x5c1350534b50_0, 0, 128;
    %load/vec4 v0x5c1350535c80_0;
    %flag_set/vec4 8;
    %jmp/0xz  T_1.17, 8;
    %fork TD_top.ram1.bad_cmd, S_0x5c13505327b0;
    %join;
    %jmp T_1.18;
T_1.17 ;
    %pushi/vec4 1, 0, 1;
    %store/vec4 v0x5c13505356c0_0, 0, 1;
    %pushi/vec4 2, 0, 3;
    %store/vec4 v0x5c1350536440_0, 0, 3;
T_1.18 ;
    %jmp T_1.14;
T_1.3 ;
    %pushi/vec4 70, 0, 32; draw_string_vec4
    %pushi/vec4 1095980114, 0, 32; draw_string_vec4
    %concat/vec4; draw_string_vec4
    %pushi/vec4 1161905192, 0, 32; draw_string_vec4
    %concat/vec4; draw_string_vec4
    %pushi/vec4 809658409, 0, 32; draw_string_vec4
    %concat/vec4; draw_string_vec4
    %store/vec4 v0x5c1350534b50_0, 0, 128;
    %load/vec4 v0x5c1350535c80_0;
    %flag_set/vec4 8;
    %jmp/0xz  T_1.19, 8;
    %fork TD_top.ram1.bad_cmd, S_0x5c13505327b0;
    %join;
    %jmp T_1.20;
T_1.19 ;
    %pushi/vec4 1, 0, 1;
    %store/vec4 v0x5c13505356c0_0, 0, 1;
    %pushi/vec4 8, 0, 8;
    %store/vec4 v0x5c1350534fd0_0, 0, 8;
    %pushi/vec4 2, 0, 3;
    %store/vec4 v0x5c1350536440_0, 0, 3;
T_1.20 ;
    %jmp T_1.14;
T_1.4 ;
    %pushi/vec4 82, 0, 32; draw_string_vec4
    %pushi/vec4 1161905233, 0, 32; draw_string_vec4
    %concat/vec4; draw_string_vec4
    %pushi/vec4 1430340648, 0, 32; draw_string_vec4
    %concat/vec4; draw_string_vec4
    %pushi/vec4 1161979945, 0, 32; draw_string_vec4
    %concat/vec4; draw_string_vec4
    %store/vec4 v0x5c1350534b50_0, 0, 128;
    %load/vec4 v0x5c1350535c80_0;
    %nor/r;
    %flag_set/vec4 9;
    %flag_get/vec4 9;
    %jmp/0 T_1.23, 9;
    %pushi/vec4 1, 0, 1;
    %and;
T_1.23;
    %flag_set/vec4 8;
    %jmp/0xz  T_1.21, 8;
    %fork TD_top.ram1.bad_cmd, S_0x5c13505327b0;
    %join;
    %jmp T_1.22;
T_1.21 ;
    %pushi/vec4 1, 0, 1;
    %store/vec4 v0x5c13505356c0_0, 0, 1;
    %pushi/vec4 1, 0, 1;
    %store/vec4 v0x5c13505348d0_0, 0, 1;
    %pushi/vec4 1, 0, 1;
    %store/vec4 v0x5c1350534cd0_0, 0, 1;
    %pushi/vec4 6, 0, 8;
    %store/vec4 v0x5c1350534fd0_0, 0, 8;
    %pushi/vec4 2, 0, 3;
    %store/vec4 v0x5c1350536440_0, 0, 3;
T_1.22 ;
    %jmp T_1.14;
T_1.5 ;
    %pushi/vec4 0, 0, 32; draw_string_vec4
    %pushi/vec4 22354, 0, 32; draw_string_vec4
    %concat/vec4; draw_string_vec4
    %pushi/vec4 1230259496, 0, 32; draw_string_vec4
    %concat/vec4; draw_string_vec4
    %pushi/vec4 808609833, 0, 32; draw_string_vec4
    %concat/vec4; draw_string_vec4
    %store/vec4 v0x5c1350534b50_0, 0, 128;
    %load/vec4 v0x5c1350535c80_0;
    %flag_set/vec4 8;
    %jmp/0xz  T_1.24, 8;
    %fork TD_top.ram1.bad_cmd, S_0x5c13505327b0;
    %join;
    %jmp T_1.25;
T_1.24 ;
    %pushi/vec4 1, 0, 1;
    %store/vec4 v0x5c1350535780_0, 0, 1;
    %pushi/vec4 2, 0, 3;
    %store/vec4 v0x5c1350536440_0, 0, 3;
T_1.25 ;
    %jmp T_1.14;
T_1.6 ;
    %pushi/vec4 22354, 0, 32; draw_string_vec4
    %pushi/vec4 1230259537, 0, 32; draw_string_vec4
    %concat/vec4; draw_string_vec4
    %pushi/vec4 1430340648, 0, 32; draw_string_vec4
    %concat/vec4; draw_string_vec4
    %pushi/vec4 859334697, 0, 32; draw_string_vec4
    %concat/vec4; draw_string_vec4
    %store/vec4 v0x5c1350534b50_0, 0, 128;
    %load/vec4 v0x5c1350535c80_0;
    %nor/r;
    %flag_set/vec4 9;
    %flag_get/vec4 9;
    %jmp/0 T_1.28, 9;
    %pushi/vec4 1, 0, 1;
    %and;
T_1.28;
    %flag_set/vec4 8;
    %jmp/0xz  T_1.26, 8;
    %fork TD_top.ram1.bad_cmd, S_0x5c13505327b0;
    %join;
    %jmp T_1.27;
T_1.26 ;
    %pushi/vec4 1, 0, 1;
    %store/vec4 v0x5c1350535780_0, 0, 1;
    %pushi/vec4 1, 0, 1;
    %store/vec4 v0x5c13505348d0_0, 0, 1;
    %pushi/vec4 1, 0, 1;
    %store/vec4 v0x5c1350534cd0_0, 0, 1;
    %pushi/vec4 2, 0, 3;
    %store/vec4 v0x5c1350536440_0, 0, 3;
T_1.27 ;
    %jmp T_1.14;
T_1.7 ;
    %pushi/vec4 0, 0, 32; draw_string_vec4
    %pushi/vec4 5391681, 0, 32; draw_string_vec4
    %concat/vec4; draw_string_vec4
    %pushi/vec4 1145652264, 0, 32; draw_string_vec4
    %concat/vec4; draw_string_vec4
    %pushi/vec4 960915497, 0, 32; draw_string_vec4
    %concat/vec4; draw_string_vec4
    %store/vec4 v0x5c1350534b50_0, 0, 128;
    %pushi/vec4 1, 0, 1;
    %store/vec4 v0x5c13505356c0_0, 0, 1;
    %pushi/vec4 1, 0, 1;
    %store/vec4 v0x5c1350535600_0, 0, 1;
    %load/vec4 v0x5c1350535c80_0;
    %store/vec4 v0x5c13505348d0_0, 0, 1;
    %load/vec4 v0x5c1350535c80_0;
    %store/vec4 v0x5c1350534cd0_0, 0, 1;
    %pushi/vec4 2, 0, 3;
    %store/vec4 v0x5c1350536440_0, 0, 3;
    %jmp T_1.14;
T_1.8 ;
    %pushi/vec4 17742, 0, 32; draw_string_vec4
    %pushi/vec4 1413829215, 0, 32; draw_string_vec4
    %concat/vec4; draw_string_vec4
    %pushi/vec4 1364216104, 0, 32; draw_string_vec4
    %concat/vec4; draw_string_vec4
    %pushi/vec4 859138089, 0, 32; draw_string_vec4
    %concat/vec4; draw_string_vec4
    %store/vec4 v0x5c1350534b50_0, 0, 128;
    %pushi/vec4 1, 0, 1;
    %store/vec4 v0x5c1350535c80_0, 0, 1;
    %pushi/vec4 6, 0, 3;
    %store/vec4 v0x5c1350536440_0, 0, 3;
    %vpi_call 4 413 "$display", "[%0.1f ns] %m: entered QPI mode", $realtime {0 0 0};
    %jmp T_1.14;
T_1.9 ;
    %pushi/vec4 69, 0, 32; draw_string_vec4
    %pushi/vec4 1481200735, 0, 32; draw_string_vec4
    %concat/vec4; draw_string_vec4
    %pushi/vec4 1364216104, 0, 32; draw_string_vec4
    %concat/vec4; draw_string_vec4
    %pushi/vec4 1177905193, 0, 32; draw_string_vec4
    %concat/vec4; draw_string_vec4
    %store/vec4 v0x5c1350534b50_0, 0, 128;
    %pushi/vec4 0, 0, 1;
    %store/vec4 v0x5c1350535c80_0, 0, 1;
    %pushi/vec4 6, 0, 3;
    %store/vec4 v0x5c1350536440_0, 0, 3;
    %vpi_call 4 419 "$display", "[%0.1f ns] %m: exited QPI mode", $realtime {0 0 0};
    %jmp T_1.14;
T_1.10 ;
    %pushi/vec4 0, 0, 32; draw_string_vec4
    %pushi/vec4 5395284, 0, 32; draw_string_vec4
    %concat/vec4; draw_string_vec4
    %pushi/vec4 1598377512, 0, 32; draw_string_vec4
    %concat/vec4; draw_string_vec4
    %pushi/vec4 909535273, 0, 32; draw_string_vec4
    %concat/vec4; draw_string_vec4
    %store/vec4 v0x5c1350534b50_0, 0, 128;
    %pushi/vec4 1, 0, 1;
    %store/vec4 v0x5c1350535d40_0, 0, 1;
    %pushi/vec4 6, 0, 3;
    %store/vec4 v0x5c1350536440_0, 0, 3;
    %jmp T_1.14;
T_1.11 ;
    %pushi/vec4 0, 0, 32; draw_string_vec4
    %pushi/vec4 21061, 0, 32; draw_string_vec4
    %concat/vec4; draw_string_vec4
    %pushi/vec4 1397052456, 0, 32; draw_string_vec4
    %concat/vec4; draw_string_vec4
    %pushi/vec4 960063529, 0, 32; draw_string_vec4
    %concat/vec4; draw_string_vec4
    %store/vec4 v0x5c1350534b50_0, 0, 128;
    %pushi/vec4 6, 0, 3;
    %store/vec4 v0x5c1350536440_0, 0, 3;
    %load/vec4 v0x5c1350535d40_0;
    %flag_set/vec4 8;
    %jmp/0xz  T_1.29, 8;
    %pushi/vec4 0, 0, 1;
    %store/vec4 v0x5c1350535c80_0, 0, 1;
    %pushi/vec4 1024, 0, 12;
    %store/vec4 v0x5c1350536820_0, 0, 12;
    %vpi_call 4 432 "$display", "[%0.1f ns] %m: reset -> SPI mode, wrap %0d", $realtime, v0x5c1350536820_0 {0 0 0};
    %jmp T_1.30;
T_1.29 ;
    %vpi_call 4 435 "$display", "[%0.1f ns] %m: WARNING 99h Reset ignored, not preceded by 66h", $realtime {0 0 0};
T_1.30 ;
    %pushi/vec4 0, 0, 1;
    %store/vec4 v0x5c1350535d40_0, 0, 1;
    %jmp T_1.14;
T_1.12 ;
    %pushi/vec4 66, 0, 32; draw_string_vec4
    %pushi/vec4 1431458644, 0, 32; draw_string_vec4
    %concat/vec4; draw_string_vec4
    %pushi/vec4 1279610408, 0, 32; draw_string_vec4
    %concat/vec4; draw_string_vec4
    %pushi/vec4 1127245865, 0, 32; draw_string_vec4
    %concat/vec4; draw_string_vec4
    %store/vec4 v0x5c1350534b50_0, 0, 128;
    %load/vec4 v0x5c1350536820_0;
    %cmpi/e 1024, 0, 12;
    %flag_mov 8, 4;
    %jmp/0 T_1.31, 8;
    %pushi/vec4 32, 0, 12;
    %jmp/1 T_1.32, 8;
T_1.31 ; End of true expr.
    %pushi/vec4 1024, 0, 12;
    %jmp/0 T_1.32, 8;
 ; End of false expr.
    %blend;
T_1.32;
    %store/vec4 v0x5c1350536820_0, 0, 12;
    %pushi/vec4 6, 0, 3;
    %store/vec4 v0x5c1350536440_0, 0, 3;
    %vpi_call 4 444 "$display", "[%0.1f ns] %m: wrap boundary now %0d bytes", $realtime, v0x5c1350536820_0 {0 0 0};
    %jmp T_1.14;
T_1.14 ;
    %pop/vec4 1;
    %load/vec4 v0x5c1350534a70_0;
    %cmpi/ne 102, 0, 8;
    %jmp/0xz  T_1.33, 4;
    %pushi/vec4 0, 0, 1;
    %store/vec4 v0x5c1350535d40_0, 0, 1;
T_1.33 ;
    %end;
S_0x5c1350532b90 .scope task, "fill_incrementing" "fill_incrementing" 4 477, 4 477 0, S_0x5c1350530d40;
 .timescale -9 -12;
v0x5c1350532da0_0 .var/i "k", 31 0;
TD_top.ram1.fill_incrementing ;
    %pushi/vec4 0, 0, 32;
    %store/vec4 v0x5c1350532da0_0, 0, 32;
T_2.35 ;
    %load/vec4 v0x5c1350532da0_0;
    %cmpi/s 65536, 0, 32;
    %jmp/0xz T_2.36, 5;
    %load/vec4 v0x5c1350532da0_0;
    %parti/s 8, 0, 2;
    %ix/getv/s 4, v0x5c1350532da0_0;
    %store/vec4a v0x5c1350535840, 4, 0;
    %load/vec4 v0x5c1350532da0_0;
    %addi 1, 0, 32;
    %store/vec4 v0x5c1350532da0_0, 0, 32;
    %jmp T_2.35;
T_2.36 ;
    %end;
S_0x5c1350532e60 .scope function.vec4.s8, "mem_get" "mem_get" 4 166, 4 166 0, S_0x5c1350530d40;
 .timescale -9 -12;
v0x5c1350533040_0 .var "a", 23 0;
; Variable mem_get is vec4 return value of scope S_0x5c1350532e60
TD_top.ram1.mem_get ;
    %load/vec4 v0x5c1350533040_0;
    %parti/s 16, 0, 2;
    %pad/u 18;
    %ix/vec4 4;
    %load/vec4a v0x5c1350535840, 4;
    %ret/vec4 0, 0, 8;  Assign to mem_get (store_vec4_to_lval)
    %end;
S_0x5c1350533220 .scope task, "mem_put" "mem_put" 4 170, 4 170 0, S_0x5c1350530d40;
 .timescale -9 -12;
v0x5c1350533450_0 .var "a", 23 0;
v0x5c1350533550_0 .var "d", 7 0;
TD_top.ram1.mem_put ;
    %load/vec4 v0x5c1350533550_0;
    %load/vec4 v0x5c1350533450_0;
    %parti/s 16, 0, 2;
    %pad/u 18;
    %ix/vec4 4;
    %store/vec4a v0x5c1350535840, 4, 0;
    %end;
S_0x5c1350533630 .scope function.vec4.s24, "next_addr" "next_addr" 4 174, 4 174 0, S_0x5c1350530d40;
 .timescale -9 -12;
v0x5c1350533810_0 .var "a", 23 0;
v0x5c1350533910_0 .var "mask", 23 0;
; Variable next_addr is vec4 return value of scope S_0x5c1350533630
TD_top.ram1.next_addr ;
    %load/vec4 v0x5c1350536820_0;
    %pad/u 24;
    %subi 1, 0, 24;
    %store/vec4 v0x5c1350533910_0, 0, 24;
    %load/vec4 v0x5c1350533810_0;
    %load/vec4 v0x5c1350533910_0;
    %inv;
    %and;
    %load/vec4 v0x5c1350533810_0;
    %addi 1, 0, 24;
    %load/vec4 v0x5c1350533910_0;
    %and;
    %or;
    %ret/vec4 0, 0, 24;  Assign to next_addr (store_vec4_to_lval)
    %pushi/vec4 1, 0, 1;
    %flag_set/vec4 9;
    %flag_get/vec4 9;
    %jmp/0 T_5.39, 9;
    %load/vec4 v0x5c1350533810_0;
    %addi 1, 0, 24;
    %load/vec4 v0x5c1350533910_0;
    %and;
    %pushi/vec4 0, 0, 24;
    %cmp/e;
    %flag_get/vec4 4;
    %and;
T_5.39;
    %flag_set/vec4 8;
    %jmp/0xz  T_5.37, 8;
    %load/vec4 v0x5c1350533810_0;
    %load/vec4 v0x5c1350533910_0;
    %inv;
    %and;
    %vpi_call 4 180 "$display", "[%0.1f ns] %m: NOTE burst wrapped at %0d-byte boundary (addr %06h -> %06h)", $realtime, v0x5c1350536820_0, v0x5c1350533810_0, S<0,vec4,u24> {1 0 0};
T_5.37 ;
    %end;
S_0x5c1350533ab0 .scope function.vec4.s8, "peek" "peek" 4 473, 4 473 0, S_0x5c1350530d40;
 .timescale -9 -12;
v0x5c1350533c90_0 .var "a", 23 0;
; Variable peek is vec4 return value of scope S_0x5c1350533ab0
TD_top.ram1.peek ;
    %load/vec4 v0x5c1350533c90_0;
    %parti/s 16, 0, 2;
    %pad/u 18;
    %ix/vec4 4;
    %load/vec4a v0x5c1350535840, 4;
    %ret/vec4 0, 0, 8;  Assign to peek (store_vec4_to_lval)
    %end;
S_0x5c1350533e70 .scope task, "poke" "poke" 4 469, 4 469 0, S_0x5c1350530d40;
 .timescale -9 -12;
v0x5c1350534050_0 .var "a", 23 0;
v0x5c1350534150_0 .var "d", 7 0;
TD_top.ram1.poke ;
    %load/vec4 v0x5c1350534150_0;
    %load/vec4 v0x5c1350534050_0;
    %parti/s 16, 0, 2;
    %pad/u 18;
    %ix/vec4 4;
    %store/vec4a v0x5c1350535840, 4, 0;
    %end;
    .scope S_0x5c135050b1a0;
T_8 ;
    %pushi/vec4 0, 0, 3;
    %store/vec4 v0x5c135050fdb0_0, 0, 3;
    %pushi/vec4 0, 0, 16;
    %store/vec4 v0x5c135052b790_0, 0, 16;
    %pushi/vec4 0, 0, 2;
    %store/vec4 v0x5c135052c3a0_0, 0, 2;
    %pushi/vec4 0, 0, 1;
    %store/vec4 v0x5c135052bee0_0, 0, 1;
    %pushi/vec4 0, 0, 1;
    %store/vec4 v0x5c135052c060_0, 0, 1;
    %pushi/vec4 0, 0, 1;
    %store/vec4 v0x5c135052bfa0_0, 0, 1;
    %pushi/vec4 0, 0, 8;
    %store/vec4 v0x5c135052be00_0, 0, 8;
    %pushi/vec4 0, 0, 8;
    %store/vec4 v0x5c135052c2c0_0, 0, 8;
    %pushi/vec4 1, 0, 1;
    %store/vec4 v0x5c135052bc30_0, 0, 1;
    %end;
    .thread T_8;
    .scope S_0x5c135050b1a0;
T_9 ;
    %wait E_0x5c1350493dd0;
    %load/vec4 v0x5c135052c3a0_0;
    %pad/u 32;
    %cmpi/e 1, 0, 32;
    %jmp/1 T_9.2, 4;
    %flag_mov 8, 4;
    %load/vec4 v0x5c135052c3a0_0;
    %pad/u 32;
    %cmpi/e 2, 0, 32;
    %flag_or 4, 8;
T_9.2;
    %jmp/0xz  T_9.0, 4;
    %load/vec4 v0x5c135052b790_0;
    %load/vec4 v0x5c135052b6b0_0;
    %cmp/e;
    %jmp/0xz  T_9.3, 4;
    %pushi/vec4 0, 0, 16;
    %assign/vec4 v0x5c135052b790_0, 0;
    %load/vec4 v0x5c135052bee0_0;
    %inv;
    %assign/vec4 v0x5c135052bee0_0, 0;
    %load/vec4 v0x5c135052bee0_0;
    %nor/r;
    %assign/vec4 v0x5c135052c060_0, 0;
    %load/vec4 v0x5c135052bee0_0;
    %assign/vec4 v0x5c135052bfa0_0, 0;
    %jmp T_9.4;
T_9.3 ;
    %pushi/vec4 0, 0, 1;
    %assign/vec4 v0x5c135052c060_0, 0;
    %pushi/vec4 0, 0, 1;
    %assign/vec4 v0x5c135052bfa0_0, 0;
    %load/vec4 v0x5c135052b790_0;
    %addi 1, 0, 16;
    %assign/vec4 v0x5c135052b790_0, 0;
T_9.4 ;
    %jmp T_9.1;
T_9.0 ;
    %pushi/vec4 0, 0, 16;
    %assign/vec4 v0x5c135052b790_0, 0;
    %pushi/vec4 0, 0, 1;
    %assign/vec4 v0x5c135052c060_0, 0;
    %pushi/vec4 0, 0, 1;
    %assign/vec4 v0x5c135052bfa0_0, 0;
T_9.1 ;
    %jmp T_9;
    .thread T_9;
    .scope S_0x5c135050b1a0;
T_10 ;
    %wait E_0x5c1350493dd0;
    %load/vec4 v0x5c135052c3a0_0;
    %pad/u 32;
    %cmpi/e 0, 0, 32;
    %jmp/0xz  T_10.0, 4;
    %load/vec4 v0x5c135052c120_0;
    %flag_set/vec4 8;
    %jmp/0xz  T_10.2, 8;
    %pushi/vec4 1, 0, 2;
    %assign/vec4 v0x5c135052c3a0_0, 0;
    %load/vec4 v0x5c135052c1e0_0;
    %assign/vec4 v0x5c135052c2c0_0, 0;
T_10.2 ;
T_10.0 ;
    %load/vec4 v0x5c135052c3a0_0;
    %pad/u 32;
    %cmpi/e 1, 0, 32;
    %jmp/0xz  T_10.4, 4;
    %load/vec4 v0x5c135052bfa0_0;
    %flag_set/vec4 8;
    %jmp/0xz  T_10.6, 8;
    %pushi/vec4 2, 0, 2;
    %assign/vec4 v0x5c135052c3a0_0, 0;
    %pushi/vec4 7, 0, 3;
    %assign/vec4 v0x5c135050fdb0_0, 0;
    %load/vec4 v0x5c135052c2c0_0;
    %parti/s 1, 7, 4;
    %assign/vec4 v0x5c135052bc30_0, 0;
T_10.6 ;
T_10.4 ;
    %load/vec4 v0x5c135052c3a0_0;
    %pad/u 32;
    %cmpi/e 2, 0, 32;
    %jmp/0xz  T_10.8, 4;
    %load/vec4 v0x5c135052bfa0_0;
    %flag_set/vec4 8;
    %jmp/0xz  T_10.10, 8;
    %load/vec4 v0x5c135052c2c0_0;
    %load/vec4 v0x5c135050fdb0_0;
    %part/u 1;
    %assign/vec4 v0x5c135052bc30_0, 0;
T_10.10 ;
    %load/vec4 v0x5c135052c060_0;
    %flag_set/vec4 8;
    %jmp/0xz  T_10.12, 8;
    %load/vec4 v0x5c135052bb70_0;
    %ix/load 5, 0, 0;
    %ix/getv 4, v0x5c135050fdb0_0;
    %assign/vec4/off/d v0x5c135052be00_0, 4, 5;
    %load/vec4 v0x5c135050fdb0_0;
    %subi 1, 0, 3;
    %assign/vec4 v0x5c135050fdb0_0, 0;
    %load/vec4 v0x5c135050fdb0_0;
    %pad/u 32;
    %cmpi/e 0, 0, 32;
    %jmp/0xz  T_10.14, 4;
    %pushi/vec4 3, 0, 2;
    %assign/vec4 v0x5c135052c3a0_0, 0;
T_10.14 ;
T_10.12 ;
T_10.8 ;
    %load/vec4 v0x5c135052c3a0_0;
    %pad/u 32;
    %cmpi/e 3, 0, 32;
    %jmp/0xz  T_10.16, 4;
    %pushi/vec4 0, 0, 2;
    %assign/vec4 v0x5c135052c3a0_0, 0;
T_10.16 ;
    %jmp T_10;
    .thread T_10;
    .scope S_0x5c1350530d40;
T_11 ;
    %pushi/vec4 3735928559, 0, 32;
    %store/vec4 v0x5c13505360e0_0, 0, 32;
    %pushi/vec4 0, 0, 32;
    %store/vec4 v0x5c13505351c0_0, 0, 32;
T_11.0 ;
    %load/vec4 v0x5c13505351c0_0;
    %cmpi/s 65536, 0, 32;
    %jmp/0xz T_11.1, 5;
    %pushi/vec4 0, 0, 32;
    %dup/vec4;
    %pushi/vec4 1, 0, 32;
    %cmp/u;
    %jmp/1 T_11.2, 6;
    %dup/vec4;
    %pushi/vec4 2, 0, 32;
    %cmp/u;
    %jmp/1 T_11.3, 6;
    %pushi/vec4 255, 255, 8;
    %ix/getv/s 4, v0x5c13505351c0_0;
    %store/vec4a v0x5c1350535840, 4, 0;
    %jmp T_11.5;
T_11.2 ;
    %pushi/vec4 0, 0, 8;
    %ix/getv/s 4, v0x5c13505351c0_0;
    %store/vec4a v0x5c1350535840, 4, 0;
    %jmp T_11.5;
T_11.3 ;
    %vpi_func 4 85 "$random" 32, v0x5c13505360e0_0 {0 0 0};
    %pad/s 8;
    %ix/getv/s 4, v0x5c13505351c0_0;
    %store/vec4a v0x5c1350535840, 4, 0;
    %jmp T_11.5;
T_11.5 ;
    %pop/vec4 1;
    %load/vec4 v0x5c13505351c0_0;
    %addi 1, 0, 32;
    %store/vec4 v0x5c13505351c0_0, 0, 32;
    %jmp T_11.0;
T_11.1 ;
    %pushi/vec4 13, 0, 8;
    %ix/load 4, 0, 0;
    %flag_set/imm 4, 0;
    %store/vec4a v0x5c1350535380, 4, 0;
    %pushi/vec4 93, 0, 8;
    %ix/load 4, 1, 0;
    %flag_set/imm 4, 0;
    %store/vec4a v0x5c1350535380, 4, 0;
    %pushi/vec4 82, 0, 8;
    %ix/load 4, 2, 0;
    %flag_set/imm 4, 0;
    %store/vec4a v0x5c1350535380, 4, 0;
    %pushi/vec4 154, 0, 8;
    %ix/load 4, 3, 0;
    %flag_set/imm 4, 0;
    %store/vec4a v0x5c1350535380, 4, 0;
    %pushi/vec4 18, 0, 8;
    %ix/load 4, 4, 0;
    %flag_set/imm 4, 0;
    %store/vec4a v0x5c1350535380, 4, 0;
    %pushi/vec4 52, 0, 8;
    %ix/load 4, 5, 0;
    %flag_set/imm 4, 0;
    %store/vec4a v0x5c1350535380, 4, 0;
    %pushi/vec4 86, 0, 8;
    %ix/load 4, 6, 0;
    %flag_set/imm 4, 0;
    %store/vec4a v0x5c1350535380, 4, 0;
    %pushi/vec4 120, 0, 8;
    %ix/load 4, 7, 0;
    %flag_set/imm 4, 0;
    %store/vec4a v0x5c1350535380, 4, 0;
    %end;
    .thread T_11;
    .scope S_0x5c1350530d40;
T_12 ;
    %pushi/vec4 0, 0, 3;
    %store/vec4 v0x5c1350536440_0, 0, 3;
    %pushi/vec4 0, 0, 1;
    %store/vec4 v0x5c1350535c80_0, 0, 1;
    %pushi/vec4 0, 0, 1;
    %store/vec4 v0x5c1350535d40_0, 0, 1;
    %pushi/vec4 1024, 0, 12;
    %store/vec4 v0x5c1350536820_0, 0, 12;
    %pushi/vec4 0, 0, 1;
    %store/vec4 v0x5c1350534e50_0, 0, 1;
    %pushi/vec4 0, 0, 1;
    %store/vec4 v0x5c1350534f10_0, 0, 1;
    %pushi/vec4 0, 0, 4;
    %store/vec4 v0x5c1350534d70_0, 0, 4;
    %pushi/vec4 0, 0, 3;
    %split/vec4 1;
    %store/vec4 v0x5c1350535600_0, 0, 1;
    %split/vec4 1;
    %store/vec4 v0x5c1350535780_0, 0, 1;
    %store/vec4 v0x5c13505356c0_0, 0, 1;
    %pushi/real 0, 4065; load=0.00000
    %store/real v0x5c13505365e0_0;
    %pushi/real 2000000000, 20479; load=-1.00000e+09
    %store/real v0x5c13505366a0_0;
    %pushi/real 2000000000, 20479; load=-1.00000e+09
    %store/real v0x5c1350536520_0;
    %pushi/vec4 0, 0, 1;
    %store/vec4 v0x5c1350536760_0, 0, 1;
    %pushi/vec4 0, 0, 32;
    %store/vec4 v0x5c1350535900_0, 0, 32;
    %end;
    .thread T_12;
    .scope S_0x5c1350530d40;
T_13 ;
    %wait E_0x5c1350532720;
    %pushi/vec4 1, 0, 1;
    %flag_set/vec4 9;
    %flag_get/vec4 9;
    %jmp/0 T_13.2, 9;
    %vpi_func/r 4 208 "$realtime" {0 0 0};
    %load/real v0x5c13505366a0_0;
    %sub/wr;
    %pushi/real 1207959552, 4070; load=18.0000
    %cmp/wr;
    %flag_get/vec4 5;
    %and;
T_13.2;
    %flag_set/vec4 8;
    %jmp/0xz  T_13.0, 8;
    %vpi_func/r 4 210 "$realtime" {0 0 0};
    %load/real v0x5c13505366a0_0;
    %sub/wr;
    %vpi_call 4 209 "$display", "[%0.1f ns] %m: WARNING tCPH violation, cs_n high only %0.2f ns (min %0.2f)", $realtime, W<0,r>, P_0x5c1350531640 {0 1 0};
T_13.0 ;
    %vpi_func/r 4 211 "$realtime" {0 0 0};
    %store/real v0x5c13505365e0_0;
    %pushi/vec4 1, 0, 3;
    %store/vec4 v0x5c1350536440_0, 0, 3;
    %pushi/vec4 0, 0, 8;
    %store/vec4 v0x5c1350534990_0, 0, 8;
    %pushi/vec4 0, 0, 32;
    %store/vec4 v0x5c13505361a0_0, 0, 32;
    %pushi/vec4 0, 0, 32;
    %store/vec4 v0x5c1350535900_0, 0, 32;
    %pushi/vec4 0, 0, 1;
    %store/vec4 v0x5c1350536760_0, 0, 1;
    %pushi/vec4 0, 0, 1;
    %store/vec4 v0x5c13505356c0_0, 0, 1;
    %pushi/vec4 0, 0, 1;
    %store/vec4 v0x5c1350535780_0, 0, 1;
    %pushi/vec4 0, 0, 1;
    %store/vec4 v0x5c1350535600_0, 0, 1;
    %jmp T_13;
    .thread T_13;
    .scope S_0x5c1350530d40;
T_14 ;
    %wait E_0x5c135050f980;
    %pushi/vec4 1, 0, 1;
    %flag_set/vec4 9;
    %flag_get/vec4 9;
    %jmp/0 T_14.2, 9;
    %pushi/real 2097152000, 4078; load=8000.00
    %vpi_func/r 4 223 "$realtime" {0 0 0};
    %load/real v0x5c13505365e0_0;
    %sub/wr;
    %cmp/wr;
    %flag_get/vec4 5;
    %and;
T_14.2;
    %flag_set/vec4 8;
    %jmp/0xz  T_14.0, 8;
    %vpi_func/r 4 225 "$realtime" {0 0 0};
    %load/real v0x5c13505365e0_0;
    %sub/wr;
    %vpi_call 4 224 "$display", "[%0.1f ns] %m: WARNING tCEM violation, cs_n low for %0.2f ns (max %0.2f) - real device would lose refresh", $realtime, W<0,r>, P_0x5c1350531540 {0 1 0};
T_14.0 ;
    %pushi/vec4 1, 0, 1;
    %flag_set/vec4 10;
    %flag_get/vec4 10;
    %jmp/0 T_14.6, 10;
    %load/vec4 v0x5c1350536440_0;
    %pushi/vec4 0, 0, 3;
    %cmp/ne;
    %flag_get/vec4 4;
    %and;
T_14.6;
    %flag_set/vec4 9;
    %flag_get/vec4 9;
    %jmp/0 T_14.5, 9;
    %load/vec4 v0x5c1350536440_0;
    %pushi/vec4 1, 0, 3;
    %cmp/ne;
    %flag_get/vec4 4;
    %and;
T_14.5;
    %flag_set/vec4 8;
    %jmp/0xz  T_14.3, 8;
    %vpi_call 4 227 "$display", "[%0.1f ns] %m: end   %0s bytes=%0d final_addr=%06h", $realtime, v0x5c1350534b50_0, v0x5c1350535900_0, v0x5c13505347f0_0 {0 0 0};
T_14.3 ;
    %vpi_func/r 4 229 "$realtime" {0 0 0};
    %store/real v0x5c13505366a0_0;
    %pushi/vec4 0, 0, 3;
    %store/vec4 v0x5c1350536440_0, 0, 3;
    %pushi/vec4 0, 0, 1;
    %assign/vec4 v0x5c1350534e50_0, 2000;
    %jmp T_14;
    .thread T_14;
    .scope S_0x5c1350530d40;
T_15 ;
    %wait E_0x5c1350440270;
    %load/vec4 v0x5c1350534c30_0;
    %nor/r;
    %flag_set/vec4 8;
    %jmp/0xz  T_15.0, 8;
    %pushi/vec4 1, 0, 1;
    %flag_set/vec4 9;
    %flag_get/vec4 9;
    %jmp/0 T_15.4, 9;
    %load/vec4 v0x5c1350536760_0;
    %nor/r;
    %and;
T_15.4;
    %flag_set/vec4 8;
    %jmp/0xz  T_15.2, 8;
    %vpi_func/r 4 239 "$realtime" {0 0 0};
    %load/real v0x5c1350536520_0;
    %sub/wr;
    %pushi/real 2013265920, 4068; load=7.50000
    %cmp/wr;
    %jmp/0xz  T_15.5, 5;
    %vpi_func/r 4 241 "$realtime" {0 0 0};
    %load/real v0x5c1350536520_0;
    %sub/wr;
    %vpi_call 4 240 "$display", "[%0.1f ns] %m: WARNING sclk period %0.2f ns is faster than %0.2f ns (133 MHz)", $realtime, W<0,r>, P_0x5c1350531580 {0 1 0};
    %pushi/vec4 1, 0, 1;
    %store/vec4 v0x5c1350536760_0, 0, 1;
    %jmp T_15.6;
T_15.5 ;
    %load/vec4 v0x5c1350536440_0;
    %cmpi/ne 1, 0, 3;
    %flag_get/vec4 4;
    %jmp/0 T_15.10, 4;
    %load/vec4 v0x5c1350534a70_0;
    %pushi/vec4 3, 0, 8;
    %cmp/e;
    %flag_get/vec4 4;
    %and;
T_15.10;
    %flag_set/vec4 9;
    %flag_get/vec4 9;
    %jmp/0 T_15.9, 9;
    %vpi_func/r 4 244 "$realtime" {0 0 0};
    %load/real v0x5c1350536520_0;
    %sub/wr;
    %pushi/real 2033398579, 4070; load=30.3000
    %pushi/real 838861, 4048; load=30.3000
    %add/wr;
    %cmp/wr;
    %flag_get/vec4 5;
    %and;
T_15.9;
    %flag_set/vec4 8;
    %jmp/0xz  T_15.7, 8;
    %vpi_func/r 4 246 "$realtime" {0 0 0};
    %load/real v0x5c1350536520_0;
    %sub/wr;
    %vpi_call 4 245 "$display", "[%0.1f ns] %m: WARNING 03h Read is limited to 33 MHz, period is %0.2f ns", $realtime, W<0,r> {0 1 0};
    %pushi/vec4 1, 0, 1;
    %store/vec4 v0x5c1350536760_0, 0, 1;
T_15.7 ;
T_15.6 ;
T_15.2 ;
    %vpi_func/r 4 250 "$realtime" {0 0 0};
    %store/real v0x5c1350536520_0;
    %load/vec4 v0x5c1350536440_0;
    %dup/vec4;
    %pushi/vec4 1, 0, 3;
    %cmp/u;
    %jmp/1 T_15.11, 6;
    %dup/vec4;
    %pushi/vec4 2, 0, 3;
    %cmp/u;
    %jmp/1 T_15.12, 6;
    %dup/vec4;
    %pushi/vec4 3, 0, 3;
    %cmp/u;
    %jmp/1 T_15.13, 6;
    %dup/vec4;
    %pushi/vec4 4, 0, 3;
    %cmp/u;
    %jmp/1 T_15.14, 6;
    %jmp T_15.16;
T_15.11 ;
    %load/vec4 v0x5c1350535c80_0;
    %flag_set/vec4 8;
    %jmp/0xz  T_15.17, 8;
    %load/vec4 v0x5c13505361a0_0;
    %parti/s 28, 0, 2;
    %load/vec4 v0x5c1350536280_0;
    %concat/vec4; draw_concat_vec4
    %store/vec4 v0x5c13505361a0_0, 0, 32;
    %jmp T_15.18;
T_15.17 ;
    %load/vec4 v0x5c13505361a0_0;
    %parti/s 31, 0, 2;
    %load/vec4 v0x5c1350536280_0;
    %parti/s 1, 0, 2;
    %concat/vec4; draw_concat_vec4
    %store/vec4 v0x5c13505361a0_0, 0, 32;
T_15.18 ;
    %load/vec4 v0x5c1350534990_0;
    %addi 1, 0, 8;
    %store/vec4 v0x5c1350534990_0, 0, 8;
    %load/vec4 v0x5c1350534990_0;
    %load/vec4 v0x5c1350535c80_0;
    %flag_set/vec4 8;
    %jmp/0 T_15.21, 8;
    %pushi/vec4 2, 0, 8;
    %jmp/1 T_15.22, 8;
T_15.21 ; End of true expr.
    %pushi/vec4 8, 0, 8;
    %jmp/0 T_15.22, 8;
 ; End of false expr.
    %blend;
T_15.22;
    %cmp/e;
    %jmp/0xz  T_15.19, 4;
    %load/vec4 v0x5c13505361a0_0;
    %parti/s 8, 0, 2;
    %store/vec4 v0x5c1350534a70_0, 0, 8;
    %pushi/vec4 0, 0, 8;
    %store/vec4 v0x5c1350534990_0, 0, 8;
    %fork TD_top.ram1.decode, S_0x5c1350532990;
    %join;
T_15.19 ;
    %jmp T_15.16;
T_15.12 ;
    %load/vec4 v0x5c13505348d0_0;
    %flag_set/vec4 8;
    %jmp/0xz  T_15.23, 8;
    %load/vec4 v0x5c13505361a0_0;
    %parti/s 28, 0, 2;
    %load/vec4 v0x5c1350536280_0;
    %concat/vec4; draw_concat_vec4
    %store/vec4 v0x5c13505361a0_0, 0, 32;
    %jmp T_15.24;
T_15.23 ;
    %load/vec4 v0x5c13505361a0_0;
    %parti/s 31, 0, 2;
    %load/vec4 v0x5c1350536280_0;
    %parti/s 1, 0, 2;
    %concat/vec4; draw_concat_vec4
    %store/vec4 v0x5c13505361a0_0, 0, 32;
T_15.24 ;
    %load/vec4 v0x5c1350534990_0;
    %addi 1, 0, 8;
    %store/vec4 v0x5c1350534990_0, 0, 8;
    %load/vec4 v0x5c1350534990_0;
    %load/vec4 v0x5c13505348d0_0;
    %flag_set/vec4 8;
    %jmp/0 T_15.27, 8;
    %pushi/vec4 6, 0, 8;
    %jmp/1 T_15.28, 8;
T_15.27 ; End of true expr.
    %pushi/vec4 24, 0, 8;
    %jmp/0 T_15.28, 8;
 ; End of false expr.
    %blend;
T_15.28;
    %cmp/e;
    %jmp/0xz  T_15.25, 4;
    %load/vec4 v0x5c13505361a0_0;
    %parti/s 24, 0, 2;
    %store/vec4 v0x5c13505347f0_0, 0, 24;
    %load/vec4 v0x5c13505361a0_0;
    %parti/s 24, 0, 2;
    %store/vec4 v0x5c1350536360_0, 0, 24;
    %pushi/vec4 0, 0, 8;
    %store/vec4 v0x5c1350534990_0, 0, 8;
    %vpi_call 4 275 "$display", "[%0.1f ns] %m: start %0s addr=%06h", $realtime, v0x5c1350534b50_0, v0x5c13505347f0_0 {0 0 0};
    %load/vec4 v0x5c1350535780_0;
    %flag_set/vec4 8;
    %jmp/0xz  T_15.29, 8;
    %pushi/vec4 4, 0, 3;
    %store/vec4 v0x5c1350536440_0, 0, 3;
    %pushi/vec4 0, 0, 4;
    %store/vec4 v0x5c1350535520_0, 0, 4;
    %jmp T_15.30;
T_15.29 ;
    %load/vec4 v0x5c1350534fd0_0;
    %pad/u 32;
    %cmpi/ne 0, 0, 32;
    %jmp/0xz  T_15.31, 4;
    %pushi/vec4 3, 0, 3;
    %store/vec4 v0x5c1350536440_0, 0, 3;
    %jmp T_15.32;
T_15.31 ;
    %pushi/vec4 5, 0, 3;
    %store/vec4 v0x5c1350536440_0, 0, 3;
    %pushi/vec4 0, 0, 4;
    %store/vec4 v0x5c1350535ba0_0, 0, 4;
    %pushi/vec4 0, 0, 3;
    %store/vec4 v0x5c13505352a0_0, 0, 3;
T_15.32 ;
T_15.30 ;
T_15.25 ;
    %jmp T_15.16;
T_15.13 ;
    %load/vec4 v0x5c1350534990_0;
    %addi 1, 0, 8;
    %store/vec4 v0x5c1350534990_0, 0, 8;
    %load/vec4 v0x5c1350534990_0;
    %load/vec4 v0x5c1350534fd0_0;
    %cmp/e;
    %jmp/0xz  T_15.33, 4;
    %pushi/vec4 5, 0, 3;
    %store/vec4 v0x5c1350536440_0, 0, 3;
    %pushi/vec4 0, 0, 4;
    %store/vec4 v0x5c1350535ba0_0, 0, 4;
    %pushi/vec4 0, 0, 3;
    %store/vec4 v0x5c13505352a0_0, 0, 3;
T_15.33 ;
    %jmp T_15.16;
T_15.14 ;
    %load/vec4 v0x5c1350534cd0_0;
    %flag_set/vec4 8;
    %jmp/0xz  T_15.35, 8;
    %load/vec4 v0x5c1350535440_0;
    %parti/s 4, 0, 2;
    %load/vec4 v0x5c1350536280_0;
    %concat/vec4; draw_concat_vec4
    %store/vec4 v0x5c1350535440_0, 0, 8;
    %load/vec4 v0x5c1350535520_0;
    %addi 4, 0, 4;
    %store/vec4 v0x5c1350535520_0, 0, 4;
    %jmp T_15.36;
T_15.35 ;
    %load/vec4 v0x5c1350535440_0;
    %parti/s 7, 0, 2;
    %load/vec4 v0x5c1350536280_0;
    %parti/s 1, 0, 2;
    %concat/vec4; draw_concat_vec4
    %store/vec4 v0x5c1350535440_0, 0, 8;
    %load/vec4 v0x5c1350535520_0;
    %addi 1, 0, 4;
    %store/vec4 v0x5c1350535520_0, 0, 4;
T_15.36 ;
    %load/vec4 v0x5c1350535520_0;
    %pad/u 32;
    %cmpi/e 8, 0, 32;
    %jmp/0xz  T_15.37, 4;
    %pushi/vec4 0, 0, 4;
    %store/vec4 v0x5c1350535520_0, 0, 4;
    %load/vec4 v0x5c13505347f0_0;
    %store/vec4 v0x5c1350533450_0, 0, 24;
    %load/vec4 v0x5c1350535440_0;
    %store/vec4 v0x5c1350533550_0, 0, 8;
    %fork TD_top.ram1.mem_put, S_0x5c1350533220;
    %join;
    %load/vec4 v0x5c13505347f0_0;
    %store/vec4 v0x5c1350533810_0, 0, 24;
    %callf/vec4 TD_top.ram1.next_addr, S_0x5c1350533630;
    %store/vec4 v0x5c13505347f0_0, 0, 24;
    %load/vec4 v0x5c1350535900_0;
    %addi 1, 0, 32;
    %store/vec4 v0x5c1350535900_0, 0, 32;
T_15.37 ;
    %jmp T_15.16;
T_15.16 ;
    %pop/vec4 1;
T_15.0 ;
    %jmp T_15;
    .thread T_15;
    .scope S_0x5c1350530d40;
T_16 ;
    %wait E_0x5c135049a170;
    %load/vec4 v0x5c1350534c30_0;
    %nor/r;
    %flag_set/vec4 9;
    %flag_get/vec4 9;
    %jmp/0 T_16.2, 9;
    %load/vec4 v0x5c1350536440_0;
    %pushi/vec4 5, 0, 3;
    %cmp/e;
    %flag_get/vec4 4;
    %and;
T_16.2;
    %flag_set/vec4 8;
    %jmp/0xz  T_16.0, 8;
    %load/vec4 v0x5c1350535ba0_0;
    %pad/u 32;
    %cmpi/e 0, 0, 32;
    %jmp/0xz  T_16.3, 4;
    %load/vec4 v0x5c1350535600_0;
    %flag_set/vec4 8;
    %jmp/0 T_16.5, 8;
    %load/vec4 v0x5c13505352a0_0;
    %pad/u 5;
    %ix/vec4 4;
    %load/vec4a v0x5c1350535380, 4;
    %jmp/1 T_16.6, 8;
T_16.5 ; End of true expr.
    %load/vec4 v0x5c13505347f0_0;
    %store/vec4 v0x5c1350533040_0, 0, 24;
    %callf/vec4 TD_top.ram1.mem_get, S_0x5c1350532e60;
    %jmp/0 T_16.6, 8;
 ; End of false expr.
    %blend;
T_16.6;
    %store/vec4 v0x5c1350535ac0_0, 0, 8;
T_16.3 ;
    %load/vec4 v0x5c1350534cd0_0;
    %flag_set/vec4 8;
    %jmp/0xz  T_16.7, 8;
    %load/vec4 v0x5c1350535ba0_0;
    %pad/u 32;
    %cmpi/e 0, 0, 32;
    %flag_mov 8, 4;
    %jmp/0 T_16.9, 8;
    %load/vec4 v0x5c1350535ac0_0;
    %parti/s 4, 4, 4;
    %jmp/1 T_16.10, 8;
T_16.9 ; End of true expr.
    %load/vec4 v0x5c1350535ac0_0;
    %parti/s 4, 0, 2;
    %jmp/0 T_16.10, 8;
 ; End of false expr.
    %blend;
T_16.10;
    %store/vec4 v0x5c13505359e0_0, 0, 4;
    %load/vec4 v0x5c1350535ba0_0;
    %addi 4, 0, 4;
    %store/vec4 v0x5c1350535ba0_0, 0, 4;
    %jmp T_16.8;
T_16.7 ;
    %pushi/vec4 0, 0, 2;
    %load/vec4 v0x5c1350535ac0_0;
    %pushi/vec4 7, 0, 32;
    %load/vec4 v0x5c1350535ba0_0;
    %parti/s 3, 0, 2;
    %pad/u 32;
    %sub;
    %part/u 1;
    %concat/vec4; draw_concat_vec4
    %concati/vec4 0, 0, 1;
    %store/vec4 v0x5c13505359e0_0, 0, 4;
    %load/vec4 v0x5c1350535ba0_0;
    %addi 1, 0, 4;
    %store/vec4 v0x5c1350535ba0_0, 0, 4;
T_16.8 ;
    %load/vec4 v0x5c1350535ba0_0;
    %pad/u 32;
    %cmpi/e 8, 0, 32;
    %jmp/0xz  T_16.11, 4;
    %pushi/vec4 0, 0, 4;
    %store/vec4 v0x5c1350535ba0_0, 0, 4;
    %load/vec4 v0x5c1350535900_0;
    %addi 1, 0, 32;
    %store/vec4 v0x5c1350535900_0, 0, 32;
    %load/vec4 v0x5c1350535600_0;
    %flag_set/vec4 8;
    %jmp/0xz  T_16.13, 8;
    %load/vec4 v0x5c13505352a0_0;
    %addi 1, 0, 3;
    %store/vec4 v0x5c13505352a0_0, 0, 3;
    %jmp T_16.14;
T_16.13 ;
    %load/vec4 v0x5c13505347f0_0;
    %store/vec4 v0x5c1350533810_0, 0, 24;
    %callf/vec4 TD_top.ram1.next_addr, S_0x5c1350533630;
    %store/vec4 v0x5c13505347f0_0, 0, 24;
T_16.14 ;
T_16.11 ;
    %load/vec4 v0x5c13505359e0_0;
    %assign/vec4 v0x5c1350534d70_0, 2000;
    %load/vec4 v0x5c1350534cd0_0;
    %assign/vec4 v0x5c1350534f10_0, 2000;
    %pushi/vec4 1, 0, 1;
    %assign/vec4 v0x5c1350534e50_0, 2000;
T_16.0 ;
    %jmp T_16;
    .thread T_16;
    .scope S_0x5c135052c620;
T_17 ;
    %wait E_0x5c1350499720;
    %load/vec4 v0x5c135052ef90_0;
    %nor/r;
    %flag_set/vec4 8;
    %jmp/0xz  T_17.0, 8;
    %pushi/vec4 0, 0, 4;
    %assign/vec4 v0x5c135052f370_0, 0;
    %pushi/vec4 0, 0, 4;
    %assign/vec4 v0x5c135052e9f0_0, 0;
    %pushi/vec4 0, 0, 14;
    %assign/vec4 v0x5c135052e410_0, 0;
    %pushi/vec4 0, 0, 4;
    %assign/vec4 v0x5c135052f450_0, 0;
    %pushi/vec4 0, 0, 6;
    %assign/vec4 v0x5c135052de20_0, 0;
    %pushi/vec4 0, 0, 2;
    %assign/vec4 v0x5c135052e910_0, 0;
    %pushi/vec4 0, 0, 1;
    %assign/vec4 v0x5c135052f1f0_0, 0;
    %pushi/vec4 0, 0, 1;
    %assign/vec4 v0x5c135052ed30_0, 0;
    %pushi/vec4 1, 0, 1;
    %assign/vec4 v0x5c135052e5d0_0, 0;
    %pushi/vec4 0, 0, 1;
    %assign/vec4 v0x5c135052e270_0, 0;
    %pushi/vec4 0, 0, 1;
    %assign/vec4 v0x5c135052f130_0, 0;
    %pushi/vec4 1, 0, 1;
    %assign/vec4 v0x5c135052dd60_0, 0;
    %pushi/vec4 0, 0, 8;
    %assign/vec4 v0x5c135052d110_0, 0;
    %pushi/vec4 0, 0, 8;
    %assign/vec4 v0x5c135052edf0_0, 0;
    %pushi/vec4 0, 0, 1;
    %assign/vec4 v0x5c135052eed0_0, 0;
    %pushi/vec4 0, 0, 1;
    %assign/vec4 v0x5c135052df00_0, 0;
    %jmp T_17.1;
T_17.0 ;
    %pushi/vec4 0, 0, 1;
    %assign/vec4 v0x5c135052eed0_0, 0;
    %pushi/vec4 0, 0, 1;
    %assign/vec4 v0x5c135052df00_0, 0;
    %load/vec4 v0x5c135052f370_0;
    %dup/vec4;
    %pushi/vec4 0, 0, 4;
    %cmp/u;
    %jmp/1 T_17.2, 6;
    %dup/vec4;
    %pushi/vec4 1, 0, 4;
    %cmp/u;
    %jmp/1 T_17.3, 6;
    %dup/vec4;
    %pushi/vec4 2, 0, 4;
    %cmp/u;
    %jmp/1 T_17.4, 6;
    %dup/vec4;
    %pushi/vec4 3, 0, 4;
    %cmp/u;
    %jmp/1 T_17.5, 6;
    %dup/vec4;
    %pushi/vec4 4, 0, 4;
    %cmp/u;
    %jmp/1 T_17.6, 6;
    %dup/vec4;
    %pushi/vec4 5, 0, 4;
    %cmp/u;
    %jmp/1 T_17.7, 6;
    %dup/vec4;
    %pushi/vec4 6, 0, 4;
    %cmp/u;
    %jmp/1 T_17.8, 6;
    %dup/vec4;
    %pushi/vec4 7, 0, 4;
    %cmp/u;
    %jmp/1 T_17.9, 6;
    %dup/vec4;
    %pushi/vec4 8, 0, 4;
    %cmp/u;
    %jmp/1 T_17.10, 6;
    %pushi/vec4 1, 0, 4;
    %assign/vec4 v0x5c135052f370_0, 0;
    %jmp T_17.12;
T_17.2 ;
    %load/vec4 v0x5c135052e9f0_0;
    %dup/vec4;
    %pushi/vec4 0, 0, 4;
    %cmp/u;
    %jmp/1 T_17.13, 6;
    %dup/vec4;
    %pushi/vec4 1, 0, 4;
    %cmp/u;
    %jmp/1 T_17.14, 6;
    %dup/vec4;
    %pushi/vec4 2, 0, 4;
    %cmp/u;
    %jmp/1 T_17.15, 6;
    %dup/vec4;
    %pushi/vec4 3, 0, 4;
    %cmp/u;
    %jmp/1 T_17.16, 6;
    %dup/vec4;
    %pushi/vec4 4, 0, 4;
    %cmp/u;
    %jmp/1 T_17.17, 6;
    %pushi/vec4 0, 0, 4;
    %assign/vec4 v0x5c135052e9f0_0, 0;
    %jmp T_17.19;
T_17.13 ;
    %pushi/vec4 1, 0, 1;
    %assign/vec4 v0x5c135052dd60_0, 0;
    %load/vec4 v0x5c135052e410_0;
    %cmpi/e 13000, 0, 14;
    %jmp/0xz  T_17.20, 4;
    %pushi/vec4 0, 0, 1;
    %assign/vec4 v0x5c135052f130_0, 0;
    %pushi/vec4 1, 0, 1;
    %assign/vec4 v0x5c135052e270_0, 0;
    %pushi/vec4 0, 0, 14;
    %assign/vec4 v0x5c135052e410_0, 0;
    %pushi/vec4 1, 0, 4;
    %assign/vec4 v0x5c135052e9f0_0, 0;
    %jmp T_17.21;
T_17.20 ;
    %load/vec4 v0x5c135052e410_0;
    %addi 1, 0, 14;
    %assign/vec4 v0x5c135052e410_0, 0;
T_17.21 ;
    %jmp T_17.19;
T_17.14 ;
    %pushi/vec4 0, 0, 1;
    %assign/vec4 v0x5c135052e5d0_0, 0;
    %pushi/vec4 1, 0, 1;
    %assign/vec4 v0x5c135052ed30_0, 0;
    %load/vec4 v0x5c135052e830_0;
    %assign/vec4 v0x5c135052d110_0, 0;
    %pushi/vec4 2, 0, 4;
    %assign/vec4 v0x5c135052e9f0_0, 0;
    %jmp T_17.19;
T_17.15 ;
    %pushi/vec4 1, 0, 1;
    %assign/vec4 v0x5c135052f1f0_0, 0;
    %pushi/vec4 3, 0, 4;
    %assign/vec4 v0x5c135052e9f0_0, 0;
    %jmp T_17.19;
T_17.16 ;
    %load/vec4 v0x5c135052e690_0;
    %flag_set/vec4 8;
    %jmp/0xz  T_17.22, 8;
    %pushi/vec4 0, 0, 1;
    %assign/vec4 v0x5c135052f1f0_0, 0;
    %pushi/vec4 1, 0, 1;
    %assign/vec4 v0x5c135052e5d0_0, 0;
    %pushi/vec4 0, 0, 1;
    %assign/vec4 v0x5c135052ed30_0, 0;
    %pushi/vec4 0, 0, 4;
    %assign/vec4 v0x5c135052f450_0, 0;
    %pushi/vec4 4, 0, 4;
    %assign/vec4 v0x5c135052e9f0_0, 0;
T_17.22 ;
    %jmp T_17.19;
T_17.17 ;
    %load/vec4 v0x5c135052f450_0;
    %cmpi/e 7, 0, 4;
    %jmp/0xz  T_17.24, 4;
    %load/vec4 v0x5c135052e910_0;
    %cmpi/e 2, 0, 2;
    %jmp/0xz  T_17.26, 4;
    %pushi/vec4 1, 0, 1;
    %assign/vec4 v0x5c135052f130_0, 0;
    %pushi/vec4 0, 0, 1;
    %assign/vec4 v0x5c135052dd60_0, 0;
    %pushi/vec4 1, 0, 4;
    %assign/vec4 v0x5c135052f370_0, 0;
    %pushi/vec4 0, 0, 4;
    %assign/vec4 v0x5c135052e9f0_0, 0;
    %jmp T_17.27;
T_17.26 ;
    %load/vec4 v0x5c135052e910_0;
    %addi 1, 0, 2;
    %assign/vec4 v0x5c135052e910_0, 0;
    %pushi/vec4 1, 0, 4;
    %assign/vec4 v0x5c135052e9f0_0, 0;
T_17.27 ;
    %jmp T_17.25;
T_17.24 ;
    %load/vec4 v0x5c135052f450_0;
    %addi 1, 0, 4;
    %assign/vec4 v0x5c135052f450_0, 0;
T_17.25 ;
    %jmp T_17.19;
T_17.19 ;
    %pop/vec4 1;
    %jmp T_17.12;
T_17.3 ;
    %pushi/vec4 0, 0, 1;
    %assign/vec4 v0x5c135052dd60_0, 0;
    %load/vec4 v0x5c135052f2b0_0;
    %flag_set/vec4 8;
    %jmp/0xz  T_17.28, 8;
    %load/vec4 v0x5c135052e4f0_0;
    %assign/vec4 v0x5c135052e330_0, 0;
    %load/vec4 v0x5c135052dc80_0;
    %assign/vec4 v0x5c135052dba0_0, 0;
    %load/vec4 v0x5c135052e0d0_0;
    %assign/vec4 v0x5c135052ec50_0, 0;
    %pushi/vec4 1, 0, 1;
    %assign/vec4 v0x5c135052dd60_0, 0;
    %pushi/vec4 2, 0, 4;
    %assign/vec4 v0x5c135052f370_0, 0;
T_17.28 ;
    %jmp T_17.12;
T_17.4 ;
    %pushi/vec4 0, 0, 1;
    %assign/vec4 v0x5c135052e5d0_0, 0;
    %pushi/vec4 1, 0, 1;
    %assign/vec4 v0x5c135052ed30_0, 0;
    %pushi/vec4 3, 0, 4;
    %assign/vec4 v0x5c135052f370_0, 0;
    %pushi/vec4 0, 0, 4;
    %assign/vec4 v0x5c135052e9f0_0, 0;
    %jmp T_17.12;
T_17.5 ;
    %load/vec4 v0x5c135052e9f0_0;
    %dup/vec4;
    %pushi/vec4 0, 0, 4;
    %cmp/u;
    %jmp/1 T_17.30, 6;
    %dup/vec4;
    %pushi/vec4 1, 0, 4;
    %cmp/u;
    %jmp/1 T_17.31, 6;
    %pushi/vec4 0, 0, 4;
    %assign/vec4 v0x5c135052e9f0_0, 0;
    %jmp T_17.33;
T_17.30 ;
    %load/vec4 v0x5c135052e330_0;
    %assign/vec4 v0x5c135052d110_0, 0;
    %pushi/vec4 1, 0, 1;
    %assign/vec4 v0x5c135052f1f0_0, 0;
    %pushi/vec4 1, 0, 4;
    %assign/vec4 v0x5c135052e9f0_0, 0;
    %jmp T_17.33;
T_17.31 ;
    %load/vec4 v0x5c135052e690_0;
    %flag_set/vec4 8;
    %jmp/0xz  T_17.34, 8;
    %pushi/vec4 0, 0, 1;
    %assign/vec4 v0x5c135052f1f0_0, 0;
    %load/vec4 v0x5c135052dba0_0;
    %assign/vec4 v0x5c135052f050_0, 0;
    %pushi/vec4 3, 0, 6;
    %assign/vec4 v0x5c135052de20_0, 0;
    %pushi/vec4 4, 0, 4;
    %assign/vec4 v0x5c135052f370_0, 0;
    %pushi/vec4 0, 0, 4;
    %assign/vec4 v0x5c135052e9f0_0, 0;
T_17.34 ;
    %jmp T_17.33;
T_17.33 ;
    %pop/vec4 1;
    %jmp T_17.12;
T_17.6 ;
    %load/vec4 v0x5c135052e9f0_0;
    %dup/vec4;
    %pushi/vec4 0, 0, 4;
    %cmp/u;
    %jmp/1 T_17.36, 6;
    %dup/vec4;
    %pushi/vec4 1, 0, 4;
    %cmp/u;
    %jmp/1 T_17.37, 6;
    %pushi/vec4 0, 0, 4;
    %assign/vec4 v0x5c135052e9f0_0, 0;
    %jmp T_17.39;
T_17.36 ;
    %load/vec4 v0x5c135052f050_0;
    %parti/s 8, 16, 6;
    %assign/vec4 v0x5c135052d110_0, 0;
    %pushi/vec4 1, 0, 1;
    %assign/vec4 v0x5c135052f1f0_0, 0;
    %pushi/vec4 1, 0, 4;
    %assign/vec4 v0x5c135052e9f0_0, 0;
    %jmp T_17.39;
T_17.37 ;
    %load/vec4 v0x5c135052e690_0;
    %flag_set/vec4 8;
    %jmp/0xz  T_17.40, 8;
    %pushi/vec4 0, 0, 1;
    %assign/vec4 v0x5c135052f1f0_0, 0;
    %load/vec4 v0x5c135052f050_0;
    %parti/s 16, 0, 2;
    %concati/vec4 0, 0, 8;
    %assign/vec4 v0x5c135052f050_0, 0;
    %load/vec4 v0x5c135052de20_0;
    %cmpi/e 1, 0, 6;
    %jmp/0xz  T_17.42, 4;
    %pushi/vec4 0, 0, 4;
    %assign/vec4 v0x5c135052e9f0_0, 0;
    %load/vec4 v0x5c135052ead0_0;
    %flag_set/vec4 8;
    %jmp/0xz  T_17.44, 8;
    %pushi/vec4 0, 0, 1;
    %assign/vec4 v0x5c135052ed30_0, 0;
    %pushi/vec4 3, 0, 6;
    %assign/vec4 v0x5c135052de20_0, 0;
    %pushi/vec4 5, 0, 4;
    %assign/vec4 v0x5c135052f370_0, 0;
    %jmp T_17.45;
T_17.44 ;
    %load/vec4 v0x5c135052ec50_0;
    %assign/vec4 v0x5c135052de20_0, 0;
    %pushi/vec4 6, 0, 4;
    %assign/vec4 v0x5c135052f370_0, 0;
T_17.45 ;
    %jmp T_17.43;
T_17.42 ;
    %load/vec4 v0x5c135052de20_0;
    %subi 1, 0, 6;
    %assign/vec4 v0x5c135052de20_0, 0;
    %pushi/vec4 0, 0, 4;
    %assign/vec4 v0x5c135052e9f0_0, 0;
T_17.43 ;
T_17.40 ;
    %jmp T_17.39;
T_17.39 ;
    %pop/vec4 1;
    %jmp T_17.12;
T_17.7 ;
    %load/vec4 v0x5c135052e9f0_0;
    %dup/vec4;
    %pushi/vec4 0, 0, 4;
    %cmp/u;
    %jmp/1 T_17.46, 6;
    %dup/vec4;
    %pushi/vec4 1, 0, 4;
    %cmp/u;
    %jmp/1 T_17.47, 6;
    %pushi/vec4 0, 0, 4;
    %assign/vec4 v0x5c135052e9f0_0, 0;
    %jmp T_17.49;
T_17.46 ;
    %pushi/vec4 1, 0, 1;
    %assign/vec4 v0x5c135052f1f0_0, 0;
    %pushi/vec4 1, 0, 4;
    %assign/vec4 v0x5c135052e9f0_0, 0;
    %jmp T_17.49;
T_17.47 ;
    %load/vec4 v0x5c135052e690_0;
    %flag_set/vec4 8;
    %jmp/0xz  T_17.50, 8;
    %pushi/vec4 0, 0, 1;
    %assign/vec4 v0x5c135052f1f0_0, 0;
    %load/vec4 v0x5c135052de20_0;
    %cmpi/e 1, 0, 6;
    %jmp/0xz  T_17.52, 4;
    %load/vec4 v0x5c135052ec50_0;
    %assign/vec4 v0x5c135052de20_0, 0;
    %pushi/vec4 7, 0, 4;
    %assign/vec4 v0x5c135052f370_0, 0;
    %pushi/vec4 0, 0, 4;
    %assign/vec4 v0x5c135052e9f0_0, 0;
    %jmp T_17.53;
T_17.52 ;
    %load/vec4 v0x5c135052de20_0;
    %subi 1, 0, 6;
    %assign/vec4 v0x5c135052de20_0, 0;
    %pushi/vec4 0, 0, 4;
    %assign/vec4 v0x5c135052e9f0_0, 0;
T_17.53 ;
T_17.50 ;
    %jmp T_17.49;
T_17.49 ;
    %pop/vec4 1;
    %jmp T_17.12;
T_17.8 ;
    %load/vec4 v0x5c135052e9f0_0;
    %dup/vec4;
    %pushi/vec4 0, 0, 4;
    %cmp/u;
    %jmp/1 T_17.54, 6;
    %dup/vec4;
    %pushi/vec4 1, 0, 4;
    %cmp/u;
    %jmp/1 T_17.55, 6;
    %dup/vec4;
    %pushi/vec4 2, 0, 4;
    %cmp/u;
    %jmp/1 T_17.56, 6;
    %pushi/vec4 0, 0, 4;
    %assign/vec4 v0x5c135052e9f0_0, 0;
    %jmp T_17.58;
T_17.54 ;
    %load/vec4 v0x5c135052e750_0;
    %assign/vec4 v0x5c135052d110_0, 0;
    %pushi/vec4 1, 0, 1;
    %assign/vec4 v0x5c135052f1f0_0, 0;
    %pushi/vec4 1, 0, 4;
    %assign/vec4 v0x5c135052e9f0_0, 0;
    %jmp T_17.58;
T_17.55 ;
    %load/vec4 v0x5c135052e690_0;
    %flag_set/vec4 8;
    %jmp/0xz  T_17.59, 8;
    %pushi/vec4 0, 0, 1;
    %assign/vec4 v0x5c135052f1f0_0, 0;
    %pushi/vec4 1, 0, 1;
    %assign/vec4 v0x5c135052df00_0, 0;
    %load/vec4 v0x5c135052de20_0;
    %cmpi/e 1, 0, 6;
    %jmp/0xz  T_17.61, 4;
    %pushi/vec4 0, 0, 4;
    %assign/vec4 v0x5c135052f450_0, 0;
    %pushi/vec4 8, 0, 4;
    %assign/vec4 v0x5c135052f370_0, 0;
    %pushi/vec4 0, 0, 4;
    %assign/vec4 v0x5c135052e9f0_0, 0;
    %jmp T_17.62;
T_17.61 ;
    %load/vec4 v0x5c135052de20_0;
    %subi 1, 0, 6;
    %assign/vec4 v0x5c135052de20_0, 0;
    %pushi/vec4 2, 0, 4;
    %assign/vec4 v0x5c135052e9f0_0, 0;
T_17.62 ;
T_17.59 ;
    %jmp T_17.58;
T_17.56 ;
    %pushi/vec4 0, 0, 4;
    %assign/vec4 v0x5c135052e9f0_0, 0;
    %jmp T_17.58;
T_17.58 ;
    %pop/vec4 1;
    %jmp T_17.12;
T_17.9 ;
    %load/vec4 v0x5c135052e9f0_0;
    %dup/vec4;
    %pushi/vec4 0, 0, 4;
    %cmp/u;
    %jmp/1 T_17.63, 6;
    %dup/vec4;
    %pushi/vec4 1, 0, 4;
    %cmp/u;
    %jmp/1 T_17.64, 6;
    %dup/vec4;
    %pushi/vec4 2, 0, 4;
    %cmp/u;
    %jmp/1 T_17.65, 6;
    %pushi/vec4 0, 0, 4;
    %assign/vec4 v0x5c135052e9f0_0, 0;
    %jmp T_17.67;
T_17.63 ;
    %pushi/vec4 1, 0, 1;
    %assign/vec4 v0x5c135052f1f0_0, 0;
    %pushi/vec4 1, 0, 4;
    %assign/vec4 v0x5c135052e9f0_0, 0;
    %jmp T_17.67;
T_17.64 ;
    %load/vec4 v0x5c135052e690_0;
    %flag_set/vec4 8;
    %jmp/0xz  T_17.68, 8;
    %pushi/vec4 0, 0, 1;
    %assign/vec4 v0x5c135052f1f0_0, 0;
    %pushi/vec4 2, 0, 4;
    %assign/vec4 v0x5c135052e9f0_0, 0;
T_17.68 ;
    %jmp T_17.67;
T_17.65 ;
    %load/vec4 v0x5c135052d210_0;
    %assign/vec4 v0x5c135052edf0_0, 0;
    %pushi/vec4 1, 0, 1;
    %assign/vec4 v0x5c135052eed0_0, 0;
    %load/vec4 v0x5c135052de20_0;
    %cmpi/e 1, 0, 6;
    %jmp/0xz  T_17.70, 4;
    %pushi/vec4 0, 0, 4;
    %assign/vec4 v0x5c135052f450_0, 0;
    %pushi/vec4 8, 0, 4;
    %assign/vec4 v0x5c135052f370_0, 0;
    %pushi/vec4 0, 0, 4;
    %assign/vec4 v0x5c135052e9f0_0, 0;
    %jmp T_17.71;
T_17.70 ;
    %load/vec4 v0x5c135052de20_0;
    %subi 1, 0, 6;
    %assign/vec4 v0x5c135052de20_0, 0;
    %pushi/vec4 0, 0, 4;
    %assign/vec4 v0x5c135052e9f0_0, 0;
T_17.71 ;
    %jmp T_17.67;
T_17.67 ;
    %pop/vec4 1;
    %jmp T_17.12;
T_17.10 ;
    %pushi/vec4 0, 0, 1;
    %assign/vec4 v0x5c135052ed30_0, 0;
    %pushi/vec4 1, 0, 1;
    %assign/vec4 v0x5c135052e5d0_0, 0;
    %load/vec4 v0x5c135052f450_0;
    %cmpi/e 7, 0, 4;
    %jmp/0xz  T_17.72, 4;
    %pushi/vec4 0, 0, 1;
    %assign/vec4 v0x5c135052dd60_0, 0;
    %pushi/vec4 1, 0, 4;
    %assign/vec4 v0x5c135052f370_0, 0;
    %jmp T_17.73;
T_17.72 ;
    %load/vec4 v0x5c135052f450_0;
    %addi 1, 0, 4;
    %assign/vec4 v0x5c135052f450_0, 0;
T_17.73 ;
    %jmp T_17.12;
T_17.12 ;
    %pop/vec4 1;
T_17.1 ;
    %jmp T_17;
    .thread T_17;
    .scope S_0x5c135052f830;
T_18 ;
    %wait E_0x5c1350499720;
    %load/vec4 v0x5c13505305b0_0;
    %nor/r;
    %flag_set/vec4 8;
    %jmp/0xz  T_18.0, 8;
    %pushi/vec4 0, 0, 2;
    %assign/vec4 v0x5c1350530ac0_0, 0;
    %pushi/vec4 0, 0, 1;
    %assign/vec4 v0x5c1350530720_0, 0;
    %pushi/vec4 0, 0, 4;
    %assign/vec4 v0x5c1350530140_0, 0;
    %pushi/vec4 0, 0, 1;
    %assign/vec4 v0x5c1350530440_0, 0;
    %pushi/vec4 0, 0, 1;
    %assign/vec4 v0x5c1350530a20_0, 0;
    %pushi/vec4 12, 0, 4;
    %assign/vec4 v0x5c135052fea0_0, 0;
    %pushi/vec4 0, 0, 8;
    %assign/vec4 v0x5c135052fd30_0, 0;
    %jmp T_18.1;
T_18.0 ;
    %pushi/vec4 0, 0, 1;
    %assign/vec4 v0x5c1350530440_0, 0;
    %load/vec4 v0x5c1350530950_0;
    %assign/vec4 v0x5c1350530a20_0, 0;
    %load/vec4 v0x5c1350530ac0_0;
    %dup/vec4;
    %pushi/vec4 0, 0, 2;
    %cmp/u;
    %jmp/1 T_18.2, 6;
    %dup/vec4;
    %pushi/vec4 2, 0, 2;
    %cmp/u;
    %jmp/1 T_18.3, 6;
    %dup/vec4;
    %pushi/vec4 1, 0, 2;
    %cmp/u;
    %jmp/1 T_18.4, 6;
    %pushi/vec4 0, 0, 2;
    %assign/vec4 v0x5c1350530ac0_0, 0;
    %jmp T_18.6;
T_18.2 ;
    %pushi/vec4 0, 0, 1;
    %assign/vec4 v0x5c1350530720_0, 0;
    %load/vec4 v0x5c1350530950_0;
    %flag_set/vec4 10;
    %flag_get/vec4 10;
    %jmp/0 T_18.10, 10;
    %load/vec4 v0x5c1350530a20_0;
    %nor/r;
    %and;
T_18.10;
    %flag_set/vec4 9;
    %flag_get/vec4 9;
    %jmp/0 T_18.9, 9;
    %load/vec4 v0x5c1350530070_0;
    %and;
T_18.9;
    %flag_set/vec4 8;
    %jmp/0xz  T_18.7, 8;
    %load/vec4 v0x5c135052ce80_0;
    %assign/vec4 v0x5c13505307c0_0, 0;
    %load/vec4 v0x5c1350530880_0;
    %cmpi/e 1, 0, 1;
    %jmp/0xz  T_18.11, 4;
    %pushi/vec4 1, 0, 4;
    %assign/vec4 v0x5c1350530140_0, 0;
    %pushi/vec4 1, 0, 2;
    %assign/vec4 v0x5c1350530ac0_0, 0;
    %load/vec4 v0x5c13505304e0_0;
    %flag_set/vec4 8;
    %jmp/0xz  T_18.13, 8;
    %load/vec4 v0x5c135052ce80_0;
    %parti/s 4, 4, 4;
    %assign/vec4 v0x5c135052fea0_0, 0;
T_18.13 ;
    %jmp T_18.12;
T_18.11 ;
    %pushi/vec4 7, 0, 4;
    %assign/vec4 v0x5c1350530140_0, 0;
    %pushi/vec4 2, 0, 2;
    %assign/vec4 v0x5c1350530ac0_0, 0;
    %load/vec4 v0x5c13505304e0_0;
    %flag_set/vec4 8;
    %jmp/0xz  T_18.15, 8;
    %pushi/vec4 3, 0, 2;
    %concati/vec4 0, 0, 1;
    %load/vec4 v0x5c135052ce80_0;
    %parti/s 1, 7, 4;
    %concat/vec4; draw_concat_vec4
    %assign/vec4 v0x5c135052fea0_0, 0;
T_18.15 ;
T_18.12 ;
T_18.7 ;
    %jmp T_18.6;
T_18.3 ;
    %load/vec4 v0x5c1350530720_0;
    %inv;
    %assign/vec4 v0x5c1350530720_0, 0;
    %load/vec4 v0x5c1350530720_0;
    %flag_set/vec4 8;
    %jmp/0xz  T_18.17, 8;
    %load/vec4 v0x5c1350530140_0;
    %cmpi/e 0, 0, 4;
    %jmp/0xz  T_18.19, 4;
    %pushi/vec4 0, 0, 2;
    %assign/vec4 v0x5c1350530ac0_0, 0;
    %pushi/vec4 1, 0, 1;
    %assign/vec4 v0x5c1350530440_0, 0;
    %jmp T_18.20;
T_18.19 ;
    %load/vec4 v0x5c1350530140_0;
    %subi 1, 0, 4;
    %assign/vec4 v0x5c1350530140_0, 0;
    %pushi/vec4 3, 0, 2;
    %concati/vec4 0, 0, 1;
    %load/vec4 v0x5c13505307c0_0;
    %load/vec4 v0x5c1350530140_0;
    %subi 1, 0, 4;
    %part/u 1;
    %concat/vec4; draw_concat_vec4
    %assign/vec4 v0x5c135052fea0_0, 0;
T_18.20 ;
T_18.17 ;
    %jmp T_18.6;
T_18.4 ;
    %load/vec4 v0x5c1350530720_0;
    %inv;
    %assign/vec4 v0x5c1350530720_0, 0;
    %load/vec4 v0x5c13505304e0_0;
    %flag_set/vec4 8;
    %jmp/0xz  T_18.21, 8;
    %load/vec4 v0x5c1350530720_0;
    %flag_set/vec4 8;
    %jmp/0xz  T_18.23, 8;
    %load/vec4 v0x5c1350530140_0;
    %cmpi/e 0, 0, 4;
    %jmp/0xz  T_18.25, 4;
    %pushi/vec4 0, 0, 2;
    %assign/vec4 v0x5c1350530ac0_0, 0;
    %pushi/vec4 1, 0, 1;
    %assign/vec4 v0x5c1350530440_0, 0;
    %jmp T_18.26;
T_18.25 ;
    %load/vec4 v0x5c1350530140_0;
    %subi 1, 0, 4;
    %assign/vec4 v0x5c1350530140_0, 0;
    %load/vec4 v0x5c13505307c0_0;
    %parti/s 4, 0, 2;
    %assign/vec4 v0x5c135052fea0_0, 0;
T_18.26 ;
T_18.23 ;
    %jmp T_18.22;
T_18.21 ;
    %load/vec4 v0x5c1350530720_0;
    %nor/r;
    %flag_set/vec4 8;
    %jmp/0xz  T_18.27, 8;
    %load/vec4 v0x5c1350530140_0;
    %cmpi/e 0, 0, 4;
    %jmp/0xz  T_18.29, 4;
    %load/vec4 v0x5c135052fdd0_0;
    %ix/load 4, 0, 0;
    %ix/load 5, 0, 0;
    %flag_set/imm 4, 0;
    %assign/vec4/off/d v0x5c135052fd30_0, 4, 5;
    %pushi/vec4 0, 0, 2;
    %assign/vec4 v0x5c1350530ac0_0, 0;
    %pushi/vec4 1, 0, 1;
    %assign/vec4 v0x5c1350530440_0, 0;
    %jmp T_18.30;
T_18.29 ;
    %load/vec4 v0x5c135052fdd0_0;
    %ix/load 4, 4, 0;
    %ix/load 5, 0, 0;
    %flag_set/imm 4, 0;
    %assign/vec4/off/d v0x5c135052fd30_0, 4, 5;
    %load/vec4 v0x5c1350530140_0;
    %subi 1, 0, 4;
    %assign/vec4 v0x5c1350530140_0, 0;
T_18.30 ;
T_18.27 ;
T_18.22 ;
    %jmp T_18.6;
T_18.6 ;
    %pop/vec4 1;
T_18.1 ;
    %jmp T_18;
    .thread T_18;
# The file index is used to find the file name in the following table.
:file_names 5;
    "N/A";
    "<interactive>";
    "SPIENGINE.v";
    "SPICONTROLLER.v";
    "SPIRAM.v";
